# mur		muf		alpsfact	dynamical_scale	pdf		cross-section
1.0		1.0		1.0		-1		325500		0.0066756465
1.0		1.0		1.0		1		325500		0.00736969409493
1.0		1.0		1.0		2		325500		0.00736869383332
1.0		1.0		1.0		3		325500		0.00962999666596
1.0		1.0		1.0		4		325500		0.00667564650007
2.0		1.0		1.0		-1		325500		0.00573045723017
2.0		1.0		1.0		1		325500		0.00629419980269
2.0		1.0		1.0		2		325500		0.00629339064222
2.0		1.0		1.0		3		325500		0.0081085906101
2.0		1.0		1.0		4		325500		0.00573045723023
0.5		1.0		1.0		-1		325500		0.00788029357098
0.5		1.0		1.0		1		325500		0.00875253154384
0.5		1.0		1.0		2		325500		0.00875126825926
0.5		1.0		1.0		3		325500		0.0116343796273
0.5		1.0		1.0		4		325500		0.00788029357107
1.0		2.0		1.0		-1		325500		0.00610702938322
1.0		2.0		1.0		1		325500		0.00672884226874
1.0		2.0		1.0		2		325500		0.00672794684386
1.0		2.0		1.0		3		325500		0.00875126825926
1.0		2.0		1.0		4		325500		0.00610702938328
2.0		2.0		1.0		-1		325500		0.00524232834404
2.0		2.0		1.0		1		325500		0.00574687555295
2.0		2.0		1.0		2		325500		0.00574615193902
2.0		2.0		1.0		3		325500		0.00736869383332
2.0		2.0		1.0		4		325500		0.00524232834409
0.5		2.0		1.0		-1		325500		0.00720910129088
0.5		2.0		1.0		1		325500		0.00799142238344
0.5		2.0		1.0		2		325500		0.00799029026979
0.5		2.0		1.0		3		325500		0.0105727437291
0.5		2.0		1.0		4		325500		0.00720910129095
1.0		0.5		1.0		-1		325500		0.00733214390753
1.0		0.5		1.0		1		325500		0.00810971365782
1.0		0.5		1.0		2		325500		0.0081085906101
1.0		0.5		1.0		3		325500		0.0106500416612
1.0		0.5		1.0		4		325500		0.00733214390762
2.0		0.5		1.0		-1		325500		0.0062940317447
2.0		0.5		1.0		1		325500		0.0069262214797
2.0		0.5		1.0		2		325500		0.00692531207215
2.0		0.5		1.0		3		325500		0.00896748702943
2.0		0.5		1.0		4		325500		0.00629403174477
0.5		0.5		1.0		-1		325500		0.0086552113166
0.5		0.5		1.0		1		325500		0.00963141348953
0.5		0.5		1.0		2		325500		0.00962999666596
0.5		0.5		1.0		3		325500		0.0128667300776
0.5		0.5		1.0		4		325500		0.00865521131671
1.0		1.0		0.5		-1		325500		0.0066756465
1.0		1.0		2.0		-1		325500		0.0066756465
1.0		1.0		1.0		-1		325500		0.0066756465
1.0		1.0		1.0		-1		325501		0.00666454504011
1.0		1.0		1.0		-1		325502		0.00666201788156
1.0		1.0		1.0		-1		325503		0.00667604689395
1.0		1.0		1.0		-1		325504		0.00669029802721
1.0		1.0		1.0		-1		325505		0.00665140628314
1.0		1.0		1.0		-1		325506		0.0066912190514
1.0		1.0		1.0		-1		325507		0.0066592081251
1.0		1.0		1.0		-1		325508		0.00666006204705
1.0		1.0		1.0		-1		325509		0.00667425556407
1.0		1.0		1.0		-1		325510		0.00666846721552
1.0		1.0		1.0		-1		325511		0.0066981641984
1.0		1.0		1.0		-1		325512		0.00667969591133
1.0		1.0		1.0		-1		325513		0.00669142359104
1.0		1.0		1.0		-1		325514		0.00669816700769
1.0		1.0		1.0		-1		325515		0.00669243182991
1.0		1.0		1.0		-1		325516		0.00669714073024
1.0		1.0		1.0		-1		325517		0.00670061647602
1.0		1.0		1.0		-1		325518		0.00664682003272
1.0		1.0		1.0		-1		325519		0.00664645992429
1.0		1.0		1.0		-1		325520		0.00667724214271
1.0		1.0		1.0		-1		325521		0.0066560356706
1.0		1.0		1.0		-1		325522		0.0066718774131
1.0		1.0		1.0		-1		325523		0.00668714161217
1.0		1.0		1.0		-1		325524		0.00664617102196
1.0		1.0		1.0		-1		325525		0.00667713314479
1.0		1.0		1.0		-1		325526		0.0066682408185
1.0		1.0		1.0		-1		325527		0.00667353982372
1.0		1.0		1.0		-1		325528		0.00666796237103
1.0		1.0		1.0		-1		325529		0.0066483947063
1.0		1.0		1.0		-1		325530		0.00667302840708
1.0		1.0		1.0		-1		325531		0.00664881598364
1.0		1.0		1.0		-1		325532		0.0066745886165
1.0		1.0		1.0		-1		325533		0.00666769933193
1.0		1.0		1.0		-1		325534		0.00665433440627
1.0		1.0		1.0		-1		325535		0.00668172170678
1.0		1.0		1.0		-1		325536		0.00669202089499
1.0		1.0		1.0		-1		325537		0.00666316731167
1.0		1.0		1.0		-1		325538		0.00667424750129
1.0		1.0		1.0		-1		325539		0.00667481291363
1.0		1.0		1.0		-1		325540		0.0066679879182
1.0		1.0		1.0		-1		325541		0.00666356261035
1.0		1.0		1.0		-1		325542		0.00668688780089
1.0		1.0		1.0		-1		325543		0.00667572014241
1.0		1.0		1.0		-1		325544		0.00667922419833
1.0		1.0		1.0		-1		325545		0.00667168331712
1.0		1.0		1.0		-1		325546		0.00666211567423
1.0		1.0		1.0		-1		325547		0.00667883820878
1.0		1.0		1.0		-1		325548		0.00667562551897
1.0		1.0		1.0		-1		325549		0.00666668831503
1.0		1.0		1.0		-1		325550		0.00667091834267
1.0		1.0		1.0		-1		325551		0.00667394832527
1.0		1.0		1.0		-1		325552		0.0066854872258
1.0		1.0		1.0		-1		325553		0.00667563791014
1.0		1.0		1.0		-1		325554		0.00667256139355
1.0		1.0		1.0		-1		325555		0.00666367069164
1.0		1.0		1.0		-1		325556		0.00667209776497
1.0		1.0		1.0		-1		325557		0.00667913480843
1.0		1.0		1.0		-1		325558		0.00668186200339
1.0		1.0		1.0		-1		325559		0.0066772712491
1.0		1.0		1.0		-1		325560		0.00667290545227
1.0		1.0		1.0		-1		325561		0.00667439671269
1.0		1.0		1.0		-1		325562		0.00668089492953
1.0		1.0		1.0		-1		325563		0.00668352290884
1.0		1.0		1.0		-1		325564		0.00667314727616
1.0		1.0		1.0		-1		325565		0.00668206693189
1.0		1.0		1.0		-1		325566		0.00667090588054
1.0		1.0		1.0		-1		325567		0.00666786902006
1.0		1.0		1.0		-1		325568		0.00668433115996
1.0		1.0		1.0		-1		325569		0.00667407588862
1.0		1.0		1.0		-1		325570		0.00668187825236
1.0		1.0		1.0		-1		325571		0.00666940858674
1.0		1.0		1.0		-1		325572		0.00666808090274
1.0		1.0		1.0		-1		325573		0.00667589794309
1.0		1.0		1.0		-1		325574		0.00666912358664
1.0		1.0		1.0		-1		325575		0.00667476811579
1.0		1.0		1.0		-1		325576		0.00667684094869
1.0		1.0		1.0		-1		325577		0.00667956176951
1.0		1.0		1.0		-1		325578		0.00667767874546
1.0		1.0		1.0		-1		325579		0.00667363287755
1.0		1.0		1.0		-1		325580		0.00667559611534
1.0		1.0		1.0		-1		325581		0.00667264782281
1.0		1.0		1.0		-1		325582		0.00667636862902
1.0		1.0		1.0		-1		325583		0.00668531527263
1.0		1.0		1.0		-1		325584		0.00667362047172
1.0		1.0		1.0		-1		325585		0.00667758387459
1.0		1.0		1.0		-1		325586		0.0066749940035
1.0		1.0		1.0		-1		325587		0.00667681905019
1.0		1.0		1.0		-1		325588		0.00667318953861
1.0		1.0		1.0		-1		325589		0.00667157793887
1.0		1.0		1.0		-1		325590		0.00667811440284
1.0		1.0		1.0		-1		325591		0.00667757114893
1.0		1.0		1.0		-1		325592		0.00668055740685
1.0		1.0		1.0		-1		325593		0.0066715105491
1.0		1.0		1.0		-1		325594		0.00667671762595
1.0		1.0		1.0		-1		325595		0.00667954128817
1.0		1.0		1.0		-1		325596		0.00667410943831
1.0		1.0		1.0		-1		325597		0.00667864993098
1.0		1.0		1.0		-1		325598		0.00667673702797
1.0		1.0		1.0		-1		325599		0.00667715889048
1.0		1.0		1.0		-1		325600		0.0066756465
1.0		1.0		1.0		-1		320900		0.00667550221085
1.0		1.0		1.0		-1		320901		0.00680924449913
1.0		1.0		1.0		-1		320902		0.00659291806303
1.0		1.0		1.0		-1		320903		0.00667305880956
1.0		1.0		1.0		-1		320904		0.00676021396538
1.0		1.0		1.0		-1		320905		0.00663062248192
1.0		1.0		1.0		-1		320906		0.00690034127754
1.0		1.0		1.0		-1		320907		0.00660435217378
1.0		1.0		1.0		-1		320908		0.0065720568106
1.0		1.0		1.0		-1		320909		0.00663066274259
1.0		1.0		1.0		-1		320910		0.00692825696333
1.0		1.0		1.0		-1		320911		0.00666515788519
1.0		1.0		1.0		-1		320912		0.00678971181271
1.0		1.0		1.0		-1		320913		0.00660356946572
1.0		1.0		1.0		-1		320914		0.00669747282198
1.0		1.0		1.0		-1		320915		0.00642546373289
1.0		1.0		1.0		-1		320916		0.00662793990186
1.0		1.0		1.0		-1		320917		0.00672288583581
1.0		1.0		1.0		-1		320918		0.00661213226198
1.0		1.0		1.0		-1		320919		0.00645297075239
1.0		1.0		1.0		-1		320920		0.00649728221154
1.0		1.0		1.0		-1		320921		0.00659800789982
1.0		1.0		1.0		-1		320922		0.00643676448166
1.0		1.0		1.0		-1		320923		0.0064842738056
1.0		1.0		1.0		-1		320924		0.00670188874982
1.0		1.0		1.0		-1		320925		0.00657561137767
1.0		1.0		1.0		-1		320926		0.00658162148509
1.0		1.0		1.0		-1		320927		0.00669758093967
1.0		1.0		1.0		-1		320928		0.0066678236359
1.0		1.0		1.0		-1		320929		0.00670950261098
1.0		1.0		1.0		-1		320930		0.00674297673139
1.0		1.0		1.0		-1		320931		0.00674044057719
1.0		1.0		1.0		-1		320932		0.00667941531098
1.0		1.0		1.0		-1		320933		0.00660302248019
1.0		1.0		1.0		-1		320934		0.00683505900104
1.0		1.0		1.0		-1		320935		0.00660257040141
1.0		1.0		1.0		-1		320936		0.00669346260771
1.0		1.0		1.0		-1		320937		0.00653015328072
1.0		1.0		1.0		-1		320938		0.00673549333053
1.0		1.0		1.0		-1		320939		0.0067298452624
1.0		1.0		1.0		-1		320940		0.00672205239107
1.0		1.0		1.0		-1		320941		0.00670364253028
1.0		1.0		1.0		-1		320942		0.00686711258717
1.0		1.0		1.0		-1		320943		0.00677308014831
1.0		1.0		1.0		-1		320944		0.00682125707817
1.0		1.0		1.0		-1		320945		0.00663908778688
1.0		1.0		1.0		-1		320946		0.00671200029883
1.0		1.0		1.0		-1		320947		0.00673264380727
1.0		1.0		1.0		-1		320948		0.00676125844122
1.0		1.0		1.0		-1		320949		0.00662698630393
1.0		1.0		1.0		-1		320950		0.00673671886716
1.0		1.0		1.0		-1		320951		0.00670936724444
1.0		1.0		1.0		-1		320952		0.00664124252423
1.0		1.0		1.0		-1		320953		0.00669990946474
1.0		1.0		1.0		-1		320954		0.00663214736994
1.0		1.0		1.0		-1		320955		0.00660274744349
1.0		1.0		1.0		-1		320956		0.00672019441658
1.0		1.0		1.0		-1		320957		0.00656746725096
1.0		1.0		1.0		-1		320958		0.00678356554239
1.0		1.0		1.0		-1		320959		0.00656511248594
1.0		1.0		1.0		-1		320960		0.00662355353158
1.0		1.0		1.0		-1		320961		0.0066900481371
1.0		1.0		1.0		-1		320962		0.00670429014268
1.0		1.0		1.0		-1		320963		0.00657243774524
1.0		1.0		1.0		-1		320964		0.00674676797995
1.0		1.0		1.0		-1		320965		0.00656062920999
1.0		1.0		1.0		-1		320966		0.00674987877582
1.0		1.0		1.0		-1		320967		0.00660787482057
1.0		1.0		1.0		-1		320968		0.00660144033159
1.0		1.0		1.0		-1		320969		0.00665942262494
1.0		1.0		1.0		-1		320970		0.00677640028231
1.0		1.0		1.0		-1		320971		0.00660330097653
1.0		1.0		1.0		-1		320972		0.00650448855005
1.0		1.0		1.0		-1		320973		0.00662536024832
1.0		1.0		1.0		-1		320974		0.00655613038792
1.0		1.0		1.0		-1		320975		0.00670083382883
1.0		1.0		1.0		-1		320976		0.00671869770239
1.0		1.0		1.0		-1		320977		0.00670000320447
1.0		1.0		1.0		-1		320978		0.0065734063927
1.0		1.0		1.0		-1		320979		0.00659796546857
1.0		1.0		1.0		-1		320980		0.00693628659835
1.0		1.0		1.0		-1		320981		0.00674403120075
1.0		1.0		1.0		-1		320982		0.00662793990186
1.0		1.0		1.0		-1		320983		0.00675228738416
1.0		1.0		1.0		-1		320984		0.00658813201887
1.0		1.0		1.0		-1		320985		0.00664092446053
1.0		1.0		1.0		-1		320986		0.00693392594409
1.0		1.0		1.0		-1		320987		0.00665386645175
1.0		1.0		1.0		-1		320988		0.00684124267856
1.0		1.0		1.0		-1		320989		0.00683804691499
1.0		1.0		1.0		-1		320990		0.0068114430804
1.0		1.0		1.0		-1		320991		0.00666358203397
1.0		1.0		1.0		-1		320992		0.00669681017812
1.0		1.0		1.0		-1		320993		0.00666507264479
1.0		1.0		1.0		-1		320994		0.00668379454387
1.0		1.0		1.0		-1		320995		0.0067218327011
1.0		1.0		1.0		-1		320996		0.00659318227252
1.0		1.0		1.0		-1		320997		0.00699768585881
1.0		1.0		1.0		-1		320998		0.0066628999165
1.0		1.0		1.0		-1		320999		0.00651511610013
1.0		1.0		1.0		-1		321000		0.00655997736045
1.0		1.0		1.0		-1		11082		0.00685222742806
1.0		1.0		1.0		-1		11083		0.00672686491143
1.0		1.0		1.0		-1		13091		0.00703741797223
1.0		1.0		1.0		-1		13191		0.00691818187288
1.0		1.0		1.0		-1		13202		0.00743149679639
1.0		1.0		1.0		-1		23100		0.00761280006739
1.0		1.0		1.0		-1		23101		0.00761734537665
1.0		1.0		1.0		-1		23102		0.00761031456888
1.0		1.0		1.0		-1		23103		0.00761459702498
1.0		1.0		1.0		-1		23104		0.00761186917936
1.0		1.0		1.0		-1		23105		0.00759755441523
1.0		1.0		1.0		-1		23106		0.00763345069694
1.0		1.0		1.0		-1		23107		0.00760024600384
1.0		1.0		1.0		-1		23108		0.00762093206326
1.0		1.0		1.0		-1		23109		0.00761020600635
1.0		1.0		1.0		-1		23110		0.0076147772706
1.0		1.0		1.0		-1		23111		0.00763546684339
1.0		1.0		1.0		-1		23112		0.00759024866685
1.0		1.0		1.0		-1		23113		0.00763505416789
1.0		1.0		1.0		-1		23114		0.00758863228564
1.0		1.0		1.0		-1		23115		0.00748014394609
1.0		1.0		1.0		-1		23116		0.00776104811374
1.0		1.0		1.0		-1		23117		0.00756703952867
1.0		1.0		1.0		-1		23118		0.00764779548788
1.0		1.0		1.0		-1		23119		0.00766678752489
1.0		1.0		1.0		-1		23120		0.00754701361129
1.0		1.0		1.0		-1		23121		0.0077792237455
1.0		1.0		1.0		-1		23122		0.0074465959611
1.0		1.0		1.0		-1		23123		0.00756448369821
1.0		1.0		1.0		-1		23124		0.00764934230982
1.0		1.0		1.0		-1		23125		0.00761286131391
1.0		1.0		1.0		-1		23126		0.00761897602554
1.0		1.0		1.0		-1		23127		0.00756809432328
1.0		1.0		1.0		-1		23128		0.00764273327135
1.0		1.0		1.0		-1		23129		0.00762135395816
1.0		1.0		1.0		-1		23130		0.00760836276679
1.0		1.0		1.0		-1		23131		0.00762392966409
1.0		1.0		1.0		-1		23132		0.00761200556541
1.0		1.0		1.0		-1		23133		0.00765779895797
1.0		1.0		1.0		-1		23134		0.00759144819986
1.0		1.0		1.0		-1		23135		0.00761196352625
1.0		1.0		1.0		-1		23136		0.00761304326075
1.0		1.0		1.0		-1		23137		0.00767731259628
1.0		1.0		1.0		-1		23138		0.00752885265563
1.0		1.0		1.0		-1		23139		0.00762089174065
1.0		1.0		1.0		-1		23140		0.00756271123522
1.0		1.0		1.0		-1		23300		0.00713913989195
1.0		1.0		1.0		-1		23301		0.00716759235448
1.0		1.0		1.0		-1		23302		0.00711581746868
1.0		1.0		1.0		-1		23303		0.00713493440479
1.0		1.0		1.0		-1		23304		0.0071437469306
1.0		1.0		1.0		-1		23305		0.0071378139145
1.0		1.0		1.0		-1		23306		0.00714087861008
1.0		1.0		1.0		-1		23307		0.00714309626244
1.0		1.0		1.0		-1		23308		0.00713632154346
1.0		1.0		1.0		-1		23309		0.00713252786306
1.0		1.0		1.0		-1		23310		0.00714844521292
1.0		1.0		1.0		-1		23311		0.00710076085612
1.0		1.0		1.0		-1		23312		0.00716280042441
1.0		1.0		1.0		-1		23313		0.00714169450895
1.0		1.0		1.0		-1		23314		0.00713590231845
1.0		1.0		1.0		-1		23315		0.00713447876255
1.0		1.0		1.0		-1		23316		0.00714073103593
1.0		1.0		1.0		-1		23317		0.00703837698168
1.0		1.0		1.0		-1		23318		0.00726493194733
1.0		1.0		1.0		-1		23319		0.00715043484742
1.0		1.0		1.0		-1		23320		0.00712815822811
1.0		1.0		1.0		-1		23321		0.00729646511656
1.0		1.0		1.0		-1		23322		0.00688370416435
1.0		1.0		1.0		-1		23323		0.00703110094335
1.0		1.0		1.0		-1		23324		0.00720967982304
1.0		1.0		1.0		-1		23325		0.00707218571797
1.0		1.0		1.0		-1		23326		0.00717188748603
1.0		1.0		1.0		-1		23327		0.00710080342696
1.0		1.0		1.0		-1		23328		0.00717817230202
1.0		1.0		1.0		-1		23329		0.00708240410502
1.0		1.0		1.0		-1		23330		0.00723669695569
1.0		1.0		1.0		-1		23331		0.00711581333971
1.0		1.0		1.0		-1		23332		0.0071485393864
1.0		1.0		1.0		-1		23333		0.00715360651465
1.0		1.0		1.0		-1		23334		0.00713032423778
1.0		1.0		1.0		-1		23335		0.00718285831384
1.0		1.0		1.0		-1		23336		0.00711681189729
1.0		1.0		1.0		-1		23337		0.00713959750142
1.0		1.0		1.0		-1		23338		0.00719078709265
1.0		1.0		1.0		-1		23339		0.00715388333633
1.0		1.0		1.0		-1		23340		0.00713529583369
1.0		1.0		1.0		-1		23490		0.00713913989195
1.0		1.0		1.0		-1		23491		0.00715304437975
1.0		1.0		1.0		-1		23492		0.00714818281927
1.0		1.0		1.0		-1		23493		0.00714281597373
1.0		1.0		1.0		-1		23494		0.00713621244939
1.0		1.0		1.0		-1		23495		0.00713240462204
1.0		1.0		1.0		-1		23496		0.00712913048546
1.0		1.0		1.0		-1		23600		0.00685661840734
1.0		1.0		1.0		-1		23601		0.00689011430111
1.0		1.0		1.0		-1		23602		0.00682325322861
1.0		1.0		1.0		-1		23603		0.00685139078684
1.0		1.0		1.0		-1		23604		0.00686039510828
1.0		1.0		1.0		-1		23605		0.00685882389484
1.0		1.0		1.0		-1		23606		0.0068545281949
1.0		1.0		1.0		-1		23607		0.00685595084665
1.0		1.0		1.0		-1		23608		0.00685731165032
1.0		1.0		1.0		-1		23609		0.00685430866079
1.0		1.0		1.0		-1		23610		0.00685796934175
1.0		1.0		1.0		-1		23611		0.00686203211169
1.0		1.0		1.0		-1		23612		0.00685227600751
1.0		1.0		1.0		-1		23613		0.00682500483198
1.0		1.0		1.0		-1		23614		0.0068753802973
1.0		1.0		1.0		-1		23615		0.00686004287761
1.0		1.0		1.0		-1		23616		0.00684708325429
1.0		1.0		1.0		-1		23617		0.00665595620493
1.0		1.0		1.0		-1		23618		0.00703675512249
1.0		1.0		1.0		-1		23619		0.00681853280357
1.0		1.0		1.0		-1		23620		0.00690379124365
1.0		1.0		1.0		-1		23621		0.00682224588899
1.0		1.0		1.0		-1		23622		0.00687154735019
1.0		1.0		1.0		-1		23623		0.00680482531176
1.0		1.0		1.0		-1		23624		0.00688164723482
1.0		1.0		1.0		-1		23625		0.00697853564767
1.0		1.0		1.0		-1		23626		0.00675444802042
1.0		1.0		1.0		-1		23627		0.00683261662249
1.0		1.0		1.0		-1		23628		0.00689188829441
1.0		1.0		1.0		-1		23629		0.00682197198758
1.0		1.0		1.0		-1		23630		0.00690637693056
1.0		1.0		1.0		-1		23631		0.00682512479867
1.0		1.0		1.0		-1		23632		0.00686799991163
1.0		1.0		1.0		-1		23633		0.00683911434882
1.0		1.0		1.0		-1		23634		0.00688927726325
1.0		1.0		1.0		-1		23635		0.00682060829648
1.0		1.0		1.0		-1		23636		0.00689680044161
1.0		1.0		1.0		-1		23637		0.00684029414303
1.0		1.0		1.0		-1		23638		0.00689195203909
1.0		1.0		1.0		-1		23639		0.00685140852282
1.0		1.0		1.0		-1		23640		0.00688721797593
1.0		1.0		1.0		-1		23790		0.00685661840734
1.0		1.0		1.0		-1		23791		0.00686993079684
1.0		1.0		1.0		-1		23792		0.00686503491331
1.0		1.0		1.0		-1		23793		0.00685984449608
1.0		1.0		1.0		-1		23794		0.00685230020261
1.0		1.0		1.0		-1		23795		0.00684794803083
1.0		1.0		1.0		-1		23796		0.00684497267752
1.0		1.0		1.0		-1		25410		0.00779660289132
1.0		1.0		1.0		-1		25411		0.00780103702993
1.0		1.0		1.0		-1		25412		0.00779163164547
1.0		1.0		1.0		-1		25413		0.00780383451107
1.0		1.0		1.0		-1		25414		0.0077913207645
1.0		1.0		1.0		-1		25415		0.00784242565542
1.0		1.0		1.0		-1		25416		0.00775216505922
1.0		1.0		1.0		-1		25417		0.00778430678419
1.0		1.0		1.0		-1		25418		0.00781200728969
1.0		1.0		1.0		-1		25419		0.00779882709412
1.0		1.0		1.0		-1		25420		0.00779349636082
1.0		1.0		1.0		-1		25421		0.00779690988605
1.0		1.0		1.0		-1		25422		0.00779574784183
1.0		1.0		1.0		-1		25423		0.00779715360399
1.0		1.0		1.0		-1		25424		0.00779564606964
1.0		1.0		1.0		-1		25425		0.00779976936937
1.0		1.0		1.0		-1		25426		0.00779439048316
1.0		1.0		1.0		-1		25427		0.00777743872595
1.0		1.0		1.0		-1		25428		0.00781796665008
1.0		1.0		1.0		-1		25429		0.00778735463646
1.0		1.0		1.0		-1		25430		0.0078036145243
1.0		1.0		1.0		-1		25431		0.00777635663816
1.0		1.0		1.0		-1		25432		0.00781746290609
1.0		1.0		1.0		-1		25433		0.00776439609588
1.0		1.0		1.0		-1		25434		0.00782745291926
1.0		1.0		1.0		-1		25435		0.0077488100258
1.0		1.0		1.0		-1		25436		0.00785598984071
1.0		1.0		1.0		-1		25437		0.00778595284413
1.0		1.0		1.0		-1		25438		0.00779483619541
1.0		1.0		1.0		-1		25439		0.0076866972322
1.0		1.0		1.0		-1		25440		0.00793004761372
1.0		1.0		1.0		-1		25441		0.00758286703577
1.0		1.0		1.0		-1		25442		0.00796764793464
1.0		1.0		1.0		-1		25443		0.00781357447044
1.0		1.0		1.0		-1		25444		0.00777436466969
1.0		1.0		1.0		-1		25445		0.00782587402684
1.0		1.0		1.0		-1		25446		0.0077268197149
1.0		1.0		1.0		-1		25447		0.00779060753941
1.0		1.0		1.0		-1		25448		0.00779680575506
1.0		1.0		1.0		-1		25449		0.00776250492129
1.0		1.0		1.0		-1		25450		0.00783032374566
1.0		1.0		1.0		-1		25451		0.00770217533127
1.0		1.0		1.0		-1		25452		0.00791001426547
1.0		1.0		1.0		-1		25453		0.00782379608362
1.0		1.0		1.0		-1		25454		0.00779134630132
1.0		1.0		1.0		-1		25455		0.00778371360522
1.0		1.0		1.0		-1		25456		0.00782985265937
1.0		1.0		1.0		-1		25457		0.00780918539708
1.0		1.0		1.0		-1		25458		0.007820241052
1.0		1.0		1.0		-1		25459		0.0077899004459
1.0		1.0		1.0		-1		25460		0.00780146237732
1.0		1.0		1.0		-1		25510		0.00767692776799
1.0		1.0		1.0		-1		25511		0.00768192425788
1.0		1.0		1.0		-1		25512		0.0076716978948
1.0		1.0		1.0		-1		25513		0.00768463390484
1.0		1.0		1.0		-1		25514		0.00767170965286
1.0		1.0		1.0		-1		25515		0.00772384642301
1.0		1.0		1.0		-1		25516		0.0076335311689
1.0		1.0		1.0		-1		25517		0.00766201439835
1.0		1.0		1.0		-1		25518		0.00769395820988
1.0		1.0		1.0		-1		25519		0.00767861003181
1.0		1.0		1.0		-1		25520		0.00767501508934
1.0		1.0		1.0		-1		25521		0.00767759123849
1.0		1.0		1.0		-1		25522		0.00767506445046
1.0		1.0		1.0		-1		25523		0.00767774401741
1.0		1.0		1.0		-1		25524		0.00767561311641
1.0		1.0		1.0		-1		25525		0.0076792804017
1.0		1.0		1.0		-1		25526		0.00767561452971
1.0		1.0		1.0		-1		25527		0.00765448515023
1.0		1.0		1.0		-1		25528		0.00770334383526
1.0		1.0		1.0		-1		25529		0.00767314037784
1.0		1.0		1.0		-1		25530		0.00768011745323
1.0		1.0		1.0		-1		25531		0.00765916324013
1.0		1.0		1.0		-1		25532		0.00769984949473
1.0		1.0		1.0		-1		25533		0.00763815950366
1.0		1.0		1.0		-1		25534		0.00770140987477
1.0		1.0		1.0		-1		25535		0.00777443819576
1.0		1.0		1.0		-1		25536		0.00758265835951
1.0		1.0		1.0		-1		25537		0.00766879773405
1.0		1.0		1.0		-1		25538		0.00767545845799
1.0		1.0		1.0		-1		25539		0.00759334697369
1.0		1.0		1.0		-1		25540		0.00777976740928
1.0		1.0		1.0		-1		25541		0.00752507758707
1.0		1.0		1.0		-1		25542		0.00785617230916
1.0		1.0		1.0		-1		25543		0.00773084895093
1.0		1.0		1.0		-1		25544		0.00762589552875
1.0		1.0		1.0		-1		25545		0.00770463191041
1.0		1.0		1.0		-1		25546		0.00760485735635
1.0		1.0		1.0		-1		25547		0.00767582026304
1.0		1.0		1.0		-1		25548		0.00767182873682
1.0		1.0		1.0		-1		25549		0.00764560103746
1.0		1.0		1.0		-1		25550		0.00771304145407
1.0		1.0		1.0		-1		25551		0.00758313811033
1.0		1.0		1.0		-1		25552		0.00778379201537
1.0		1.0		1.0		-1		25553		0.00771105336324
1.0		1.0		1.0		-1		25554		0.00766531608139
1.0		1.0		1.0		-1		25555		0.00766043406272
1.0		1.0		1.0		-1		25556		0.00771831599198
1.0		1.0		1.0		-1		25557		0.00769664854411
1.0		1.0		1.0		-1		25558		0.00769848729296
1.0		1.0		1.0		-1		25559		0.00767141432787
1.0		1.0		1.0		-1		25560		0.00768333358343
1.0		1.0		1.0		-1		25570		0.00696182536877
1.0		1.0		1.0		-1		25571		0.00682591975737
1.0		1.0		1.0		-1		25572		0.00686618976539
1.0		1.0		1.0		-1		25573		0.0069194427357
1.0		1.0		1.0		-1		25574		0.00703204772821
1.0		1.0		1.0		-1		25605		0.00696930899891
1.0		1.0		1.0		-1		25606		0.00702009907744
1.0		1.0		1.0		-1		25607		0.00701493540144
1.0		1.0		1.0		-1		25608		0.00700666262972
1.0		1.0		1.0		-1		25609		0.00699696613836
1.0		1.0		1.0		-1		25610		0.00698431803077
1.0		1.0		1.0		-1		25611		0.00695711050312
1.0		1.0		1.0		-1		25612		0.00694096259277
1.0		1.0		1.0		-1		25613		0.00692333672414
1.0		1.0		1.0		-1		25620		0.00696930899891
1.0		1.0		1.0		-1		25621		0.00697315314758
1.0		1.0		1.0		-1		25622		0.00697060177025
1.0		1.0		1.0		-1		25623		0.00696919113677
1.0		1.0		1.0		-1		25624		0.00697281701912
1.0		1.0		1.0		-1		25710		0.00701708687623
1.0		1.0		1.0		-1		25711		0.00701514434484
1.0		1.0		1.0		-1		25712		0.00701968140256
1.0		1.0		1.0		-1		25713		0.00704040911327
1.0		1.0		1.0		-1		25714		0.00699397797396
1.0		1.0		1.0		-1		25715		0.0070377467348
1.0		1.0		1.0		-1		25716		0.00700879669876
1.0		1.0		1.0		-1		25717		0.00702651378825
1.0		1.0		1.0		-1		25718		0.00700797116281
1.0		1.0		1.0		-1		25719		0.00702124614588
1.0		1.0		1.0		-1		25720		0.00701309838997
1.0		1.0		1.0		-1		25721		0.00701727591642
1.0		1.0		1.0		-1		25722		0.00701710622063
1.0		1.0		1.0		-1		25723		0.00701456438104
1.0		1.0		1.0		-1		25724		0.00702043794202
1.0		1.0		1.0		-1		25725		0.00702316622083
1.0		1.0		1.0		-1		25726		0.00701087802088
1.0		1.0		1.0		-1		25727		0.00700373490453
1.0		1.0		1.0		-1		25728		0.00702475155372
1.0		1.0		1.0		-1		25729		0.0070208130418
1.0		1.0		1.0		-1		25730		0.00701195886774
1.0		1.0		1.0		-1		25731		0.00701209036257
1.0		1.0		1.0		-1		25732		0.0070206055909
1.0		1.0		1.0		-1		25733		0.00704009944113
1.0		1.0		1.0		-1		25734		0.00699562466967
1.0		1.0		1.0		-1		25735		0.00702311773521
1.0		1.0		1.0		-1		25736		0.00700098909765
1.0		1.0		1.0		-1		25737		0.00699642865926
1.0		1.0		1.0		-1		25738		0.00702226755004
1.0		1.0		1.0		-1		25739		0.00709580835176
1.0		1.0		1.0		-1		25740		0.00682649219983
1.0		1.0		1.0		-1		25741		0.00695034462432
1.0		1.0		1.0		-1		25742		0.00715974886292
1.0		1.0		1.0		-1		25743		0.00704759261848
1.0		1.0		1.0		-1		25744		0.00695770945221
1.0		1.0		1.0		-1		25745		0.00691121988487
1.0		1.0		1.0		-1		25746		0.00706461322411
1.0		1.0		1.0		-1		25747		0.00701061007111
1.0		1.0		1.0		-1		25748		0.00702278415326
1.0		1.0		1.0		-1		25749		0.00697206943606
1.0		1.0		1.0		-1		25750		0.00705212797102
1.0		1.0		1.0		-1		25751		0.00709622559832
1.0		1.0		1.0		-1		25752		0.006904297456
1.0		1.0		1.0		-1		25753		0.00702498789645
1.0		1.0		1.0		-1		25754		0.00697316175945
1.0		1.0		1.0		-1		25755		0.00699912467895
1.0		1.0		1.0		-1		25756		0.00703437763267
1.0		1.0		1.0		-1		25757		0.00703668540931
1.0		1.0		1.0		-1		25758		0.00700899640881
1.0		1.0		1.0		-1		25759		0.00704509996458
1.0		1.0		1.0		-1		25760		0.00699828861897
1.0		1.0		1.0		-1		25770		0.00701708687623
1.0		1.0		1.0		-1		25771		0.0069312005371
1.0		1.0		1.0		-1		25772		0.00714212279885
1.0		1.0		1.0		-1		25805		0.00703670536245
1.0		1.0		1.0		-1		25806		0.00713702025036
1.0		1.0		1.0		-1		25807		0.00711851234309
1.0		1.0		1.0		-1		25808		0.00709931656706
1.0		1.0		1.0		-1		25809		0.00708052245601
1.0		1.0		1.0		-1		25810		0.00705845501346
1.0		1.0		1.0		-1		25811		0.00700932640654
1.0		1.0		1.0		-1		25812		0.00698121206219
1.0		1.0		1.0		-1		25813		0.00695678628181
1.0		1.0		1.0		-1		25840		0.00703670536245
1.0		1.0		1.0		-1		25841		0.00703539620352
1.0		1.0		1.0		-1		25842		0.00703551252599
1.0		1.0		1.0		-1		25843		0.00703897808415
1.0		1.0		1.0		-1		25844		0.00704175404378
1.0		1.0		1.0		-1		92000		0.00696284518445
1.0		1.0		1.0		-1		92001		0.00698252653075
1.0		1.0		1.0		-1		92002		0.00701694688542
1.0		1.0		1.0		-1		92003		0.0069121324204
1.0		1.0		1.0		-1		92004		0.00697443604712
1.0		1.0		1.0		-1		92005		0.00688128887061
1.0		1.0		1.0		-1		92006		0.0070201213985
1.0		1.0		1.0		-1		92007		0.00700247535688
1.0		1.0		1.0		-1		92008		0.00695609633366
1.0		1.0		1.0		-1		92009		0.00701342801949
1.0		1.0		1.0		-1		92010		0.00697351903227
1.0		1.0		1.0		-1		92011		0.0068171587398
1.0		1.0		1.0		-1		92012		0.00699195211985
1.0		1.0		1.0		-1		92013		0.0069149991739
1.0		1.0		1.0		-1		92014		0.00695989430609
1.0		1.0		1.0		-1		92015		0.00704927350703
1.0		1.0		1.0		-1		92016		0.00700076117787
1.0		1.0		1.0		-1		92017		0.00704290204575
1.0		1.0		1.0		-1		92018		0.00691329950085
1.0		1.0		1.0		-1		92019		0.00697418647037
1.0		1.0		1.0		-1		92020		0.00691616545829
1.0		1.0		1.0		-1		92021		0.0069640055196
1.0		1.0		1.0		-1		92022		0.00697989810225
1.0		1.0		1.0		-1		92023		0.00691916668494
1.0		1.0		1.0		-1		92024		0.00694930362659
1.0		1.0		1.0		-1		92025		0.00696106013685
1.0		1.0		1.0		-1		92026		0.006978763333
1.0		1.0		1.0		-1		92027		0.00691828183871
1.0		1.0		1.0		-1		92028		0.00694403732861
1.0		1.0		1.0		-1		92029		0.00696649824329
1.0		1.0		1.0		-1		92030		0.00693385357246
1.0		1.0		1.0		-1		306000		0.00650894828772
1.0		1.0		1.0		-1		306001		0.00650426305218
1.0		1.0		1.0		-1		306002		0.00650550625802
1.0		1.0		1.0		-1		306003		0.00650087326613
1.0		1.0		1.0		-1		306004		0.00652718381186
1.0		1.0		1.0		-1		306005		0.00651117772514
1.0		1.0		1.0		-1		306006		0.00649494067047
1.0		1.0		1.0		-1		306007		0.00651271024394
1.0		1.0		1.0		-1		306008		0.00649784568917
1.0		1.0		1.0		-1		306009		0.00651981480335
1.0		1.0		1.0		-1		306010		0.00650325482235
1.0		1.0		1.0		-1		306011		0.00647897654474
1.0		1.0		1.0		-1		306012		0.00649181646971
1.0		1.0		1.0		-1		306013		0.00646895515706
1.0		1.0		1.0		-1		306014		0.00649464379708
1.0		1.0		1.0		-1		306015		0.0065016962922
1.0		1.0		1.0		-1		306016		0.00652336714363
1.0		1.0		1.0		-1		306017		0.00650476958365
1.0		1.0		1.0		-1		306018		0.00649069350936
1.0		1.0		1.0		-1		306019		0.0065131481357
1.0		1.0		1.0		-1		306020		0.00649653938698
1.0		1.0		1.0		-1		306021		0.00651869909928
1.0		1.0		1.0		-1		306022		0.00649568846598
1.0		1.0		1.0		-1		306023		0.00651775187965
1.0		1.0		1.0		-1		306024		0.00648961134755
1.0		1.0		1.0		-1		306025		0.00650251910955
1.0		1.0		1.0		-1		306026		0.00652526247648
1.0		1.0		1.0		-1		306027		0.00649458243526
1.0		1.0		1.0		-1		306028		0.00649315250353
1.0		1.0		1.0		-1		306029		0.00656539817235
1.0		1.0		1.0		-1		306030		0.00651580431555
1.0		1.0		1.0		-1		306031		0.00651219990988
1.0		1.0		1.0		-1		306032		0.00651651945821
1.0		1.0		1.0		-1		306033		0.00651384147207
1.0		1.0		1.0		-1		306034		0.00651437631923
1.0		1.0		1.0		-1		306035		0.00650842352241
1.0		1.0		1.0		-1		306036		0.00650446327438
1.0		1.0		1.0		-1		306037		0.00651699216128
1.0		1.0		1.0		-1		306038		0.00651167095876
1.0		1.0		1.0		-1		306039		0.00650675861034
1.0		1.0		1.0		-1		306040		0.00651132803099
1.0		1.0		1.0		-1		306041		0.00650621689968
1.0		1.0		1.0		-1		306042		0.00649535854621
1.0		1.0		1.0		-1		306043		0.00651076596106
1.0		1.0		1.0		-1		306044		0.00651584492034
1.0		1.0		1.0		-1		306045		0.00650447739501
1.0		1.0		1.0		-1		306046		0.00651696900887
1.0		1.0		1.0		-1		306047		0.00651701709161
1.0		1.0		1.0		-1		306048		0.0064944315372
1.0		1.0		1.0		-1		306049		0.00650447190355
1.0		1.0		1.0		-1		306050		0.00650872433746
1.0		1.0		1.0		-1		306051		0.00651075960438
1.0		1.0		1.0		-1		306052		0.00650634942018
1.0		1.0		1.0		-1		306053		0.0065102159096
1.0		1.0		1.0		-1		306054		0.00651228877193
1.0		1.0		1.0		-1		306055		0.00650958303842
1.0		1.0		1.0		-1		306056		0.00650946371429
1.0		1.0		1.0		-1		306057		0.00650806468088
1.0		1.0		1.0		-1		306058		0.00650862174784
1.0		1.0		1.0		-1		306059		0.00650697188152
1.0		1.0		1.0		-1		306060		0.0065067361822
1.0		1.0		1.0		-1		306061		0.00650758810735
1.0		1.0		1.0		-1		306062		0.00650687628743
1.0		1.0		1.0		-1		306063		0.00650955798516
1.0		1.0		1.0		-1		306064		0.00651015138302
1.0		1.0		1.0		-1		306065		0.00650674694425
1.0		1.0		1.0		-1		306066		0.00651437631887
1.0		1.0		1.0		-1		306067		0.00650736349758
1.0		1.0		1.0		-1		306068		0.00651039811491
1.0		1.0		1.0		-1		306069		0.00651345889915
1.0		1.0		1.0		-1		306070		0.00649823567676
1.0		1.0		1.0		-1		306071		0.00650447724688
1.0		1.0		1.0		-1		306072		0.00650937537216
1.0		1.0		1.0		-1		306073		0.00650017386703
1.0		1.0		1.0		-1		306074		0.00650272096027
1.0		1.0		1.0		-1		306075		0.00650256156297
1.0		1.0		1.0		-1		306076		0.00651606453143
1.0		1.0		1.0		-1		306077		0.00649428944185
1.0		1.0		1.0		-1		306078		0.00651198094408
1.0		1.0		1.0		-1		306079		0.00651236764701
1.0		1.0		1.0		-1		306080		0.00651477306275
1.0		1.0		1.0		-1		306081		0.00651174969541
1.0		1.0		1.0		-1		306082		0.00651456294201
1.0		1.0		1.0		-1		306083		0.00651057163353
1.0		1.0		1.0		-1		306084		0.00650545603495
1.0		1.0		1.0		-1		306085		0.00651380423248
1.0		1.0		1.0		-1		306086		0.00651265766697
1.0		1.0		1.0		-1		306087		0.0065024256843
1.0		1.0		1.0		-1		306088		0.00651023778522
1.0		1.0		1.0		-1		306089		0.00650589109944
1.0		1.0		1.0		-1		306090		0.00651234120198
1.0		1.0		1.0		-1		306091		0.00650716201135
1.0		1.0		1.0		-1		306092		0.00650687662672
1.0		1.0		1.0		-1		306093		0.00651403190409
1.0		1.0		1.0		-1		306094		0.00650701946799
1.0		1.0		1.0		-1		306095		0.00651360469704
1.0		1.0		1.0		-1		306096		0.00650380416999
1.0		1.0		1.0		-1		306097		0.00651964291513
1.0		1.0		1.0		-1		306098		0.00650534975106
1.0		1.0		1.0		-1		306099		0.00650983160819
1.0		1.0		1.0		-1		306100		0.00650847672365
1.0		1.0		1.0		-1		306101		0.00639939085079
1.0		1.0		1.0		-1		306102		0.00664834585613
1.0		1.0		1.0		-1		320500		0.00683802932127
1.0		1.0		1.0		-1		320501		0.00685953665618
1.0		1.0		1.0		-1		320502		0.00713357439364
1.0		1.0		1.0		-1		320503		0.00687247845484
1.0		1.0		1.0		-1		320504		0.00695023430179
1.0		1.0		1.0		-1		320505		0.00696608273456
1.0		1.0		1.0		-1		320506		0.00710638833564
1.0		1.0		1.0		-1		320507		0.00691005960002
1.0		1.0		1.0		-1		320508		0.00693828460023
1.0		1.0		1.0		-1		320509		0.00684101746971
1.0		1.0		1.0		-1		320510		0.0067689712988
1.0		1.0		1.0		-1		320511		0.00674640971535
1.0		1.0		1.0		-1		320512		0.00690872311288
1.0		1.0		1.0		-1		320513		0.00690351331548
1.0		1.0		1.0		-1		320514		0.00688973444593
1.0		1.0		1.0		-1		320515		0.00685750028132
1.0		1.0		1.0		-1		320516		0.00706130503581
1.0		1.0		1.0		-1		320517		0.00665629773615
1.0		1.0		1.0		-1		320518		0.00677717786332
1.0		1.0		1.0		-1		320519		0.00705445173703
1.0		1.0		1.0		-1		320520		0.0068848341155
1.0		1.0		1.0		-1		320521		0.00708495179645
1.0		1.0		1.0		-1		320522		0.00669806190808
1.0		1.0		1.0		-1		320523		0.00683149318857
1.0		1.0		1.0		-1		320524		0.00706959765567
1.0		1.0		1.0		-1		320525		0.00682200371562
1.0		1.0		1.0		-1		320526		0.00669519098983
1.0		1.0		1.0		-1		320527		0.00678033558815
1.0		1.0		1.0		-1		320528		0.0067043447629
1.0		1.0		1.0		-1		320529		0.00689667658317
1.0		1.0		1.0		-1		320530		0.00695414175382
1.0		1.0		1.0		-1		320531		0.00682941700838
1.0		1.0		1.0		-1		320532		0.00674990733081
1.0		1.0		1.0		-1		320533		0.00679786773446
1.0		1.0		1.0		-1		320534		0.00668507130698
1.0		1.0		1.0		-1		320535		0.00661554741107
1.0		1.0		1.0		-1		320536		0.0068196661369
1.0		1.0		1.0		-1		320537		0.00704566036526
1.0		1.0		1.0		-1		320538		0.00684270970397
1.0		1.0		1.0		-1		320539		0.00689292140323
1.0		1.0		1.0		-1		320540		0.00684843637166
1.0		1.0		1.0		-1		320541		0.00705265328629
1.0		1.0		1.0		-1		320542		0.00692260053035
1.0		1.0		1.0		-1		320543		0.00698928321686
1.0		1.0		1.0		-1		320544		0.00678483482224
1.0		1.0		1.0		-1		320545		0.00689456432373
1.0		1.0		1.0		-1		320546		0.00690374596012
1.0		1.0		1.0		-1		320547		0.00690872311288
1.0		1.0		1.0		-1		320548		0.00693579851047
1.0		1.0		1.0		-1		320549		0.00676346633647
1.0		1.0		1.0		-1		320550		0.00670836888857
1.0		1.0		1.0		-1		320551		0.00661577714689
1.0		1.0		1.0		-1		320552		0.00664172944475
1.0		1.0		1.0		-1		320553		0.0067895283175
1.0		1.0		1.0		-1		320554		0.00685888287496
1.0		1.0		1.0		-1		320555		0.0067537062646
1.0		1.0		1.0		-1		320556		0.00688135087544
1.0		1.0		1.0		-1		320557		0.0066719852221
1.0		1.0		1.0		-1		320558		0.00679520224837
1.0		1.0		1.0		-1		320559		0.00672564887138
1.0		1.0		1.0		-1		320560		0.00674739632459
1.0		1.0		1.0		-1		320561		0.00690104042489
1.0		1.0		1.0		-1		320562		0.00686702397635
1.0		1.0		1.0		-1		320563		0.00670201337377
1.0		1.0		1.0		-1		320564		0.00677977900138
1.0		1.0		1.0		-1		320565		0.00683144977768
1.0		1.0		1.0		-1		320566		0.00691593464404
1.0		1.0		1.0		-1		320567		0.006675302137
1.0		1.0		1.0		-1		320568		0.00677138892578
1.0		1.0		1.0		-1		320569		0.00658480518765
1.0		1.0		1.0		-1		320570		0.00682547652697
1.0		1.0		1.0		-1		320571		0.00679676134138
1.0		1.0		1.0		-1		320572		0.00678008268944
1.0		1.0		1.0		-1		320573		0.00692254518757
1.0		1.0		1.0		-1		320574		0.00685736513424
1.0		1.0		1.0		-1		320575		0.00675558713902
1.0		1.0		1.0		-1		320576		0.00702451300625
1.0		1.0		1.0		-1		320577		0.00680265983374
1.0		1.0		1.0		-1		320578		0.00667290317031
1.0		1.0		1.0		-1		320579		0.00676746873637
1.0		1.0		1.0		-1		320580		0.00680120662334
1.0		1.0		1.0		-1		320581		0.00678283353694
1.0		1.0		1.0		-1		320582		0.00698887658917
1.0		1.0		1.0		-1		320583		0.00686352901759
1.0		1.0		1.0		-1		320584		0.00671610869484
1.0		1.0		1.0		-1		320585		0.00692422493299
1.0		1.0		1.0		-1		320586		0.00678342966577
1.0		1.0		1.0		-1		320587		0.00682806033598
1.0		1.0		1.0		-1		320588		0.00688146505387
1.0		1.0		1.0		-1		320589		0.00684975693064
1.0		1.0		1.0		-1		320590		0.00681631224377
1.0		1.0		1.0		-1		320591		0.00683407474946
1.0		1.0		1.0		-1		320592		0.00697131751692
1.0		1.0		1.0		-1		320593		0.00683691664291
1.0		1.0		1.0		-1		320594		0.00690476884638
1.0		1.0		1.0		-1		320595		0.00690699011756
1.0		1.0		1.0		-1		320596		0.00677194917193
1.0		1.0		1.0		-1		320597		0.00666763297777
1.0		1.0		1.0		-1		320598		0.00687388544516
1.0		1.0		1.0		-1		320599		0.00675114982296
1.0		1.0		1.0		-1		320600		0.00673994342963
1.0		1.0		1.0		-1		260400		0.0071059875367
1.0		1.0		1.0		-1		260401		0.00725489767165
1.0		1.0		1.0		-1		260402		0.00730905550288
1.0		1.0		1.0		-1		260403		0.00712204826169
1.0		1.0		1.0		-1		260404		0.00694572541311
1.0		1.0		1.0		-1		260405		0.00721817902039
1.0		1.0		1.0		-1		260406		0.00723639477711
1.0		1.0		1.0		-1		260407		0.00702939453211
1.0		1.0		1.0		-1		260408		0.00728033834715
1.0		1.0		1.0		-1		260409		0.00705234437627
1.0		1.0		1.0		-1		260410		0.00707350654464
1.0		1.0		1.0		-1		260411		0.00692158479094
1.0		1.0		1.0		-1		260412		0.00712021870011
1.0		1.0		1.0		-1		260413		0.0072581934345
1.0		1.0		1.0		-1		260414		0.00716911464551
1.0		1.0		1.0		-1		260415		0.00733292414871
1.0		1.0		1.0		-1		260416		0.00716626426319
1.0		1.0		1.0		-1		260417		0.00770121564166
1.0		1.0		1.0		-1		260418		0.00740306315257
1.0		1.0		1.0		-1		260419		0.00701879101679
1.0		1.0		1.0		-1		260420		0.0071861636988
1.0		1.0		1.0		-1		260421		0.0069394198934
1.0		1.0		1.0		-1		260422		0.00678323356032
1.0		1.0		1.0		-1		260423		0.00701946378949
1.0		1.0		1.0		-1		260424		0.00679000932351
1.0		1.0		1.0		-1		260425		0.00707857392159
1.0		1.0		1.0		-1		260426		0.0069960895296
1.0		1.0		1.0		-1		260427		0.00756415256024
1.0		1.0		1.0		-1		260428		0.00731668132742
1.0		1.0		1.0		-1		260429		0.00738605715432
1.0		1.0		1.0		-1		260430		0.007031805265
1.0		1.0		1.0		-1		260431		0.00691581431022
1.0		1.0		1.0		-1		260432		0.0068701604632
1.0		1.0		1.0		-1		260433		0.0069455377507
1.0		1.0		1.0		-1		260434		0.00670756605017
1.0		1.0		1.0		-1		260435		0.00713299476861
1.0		1.0		1.0		-1		260436		0.0070311094572
1.0		1.0		1.0		-1		260437		0.00735793003869
1.0		1.0		1.0		-1		260438		0.00704817263122
1.0		1.0		1.0		-1		260439		0.00702331103087
1.0		1.0		1.0		-1		260440		0.00694287208543
1.0		1.0		1.0		-1		260441		0.00694275281667
1.0		1.0		1.0		-1		260442		0.00703781872718
1.0		1.0		1.0		-1		260443		0.00680566189995
1.0		1.0		1.0		-1		260444		0.00703930319981
1.0		1.0		1.0		-1		260445		0.00688393310179
1.0		1.0		1.0		-1		260446		0.00678957381892
1.0		1.0		1.0		-1		260447		0.00731114404571
1.0		1.0		1.0		-1		260448		0.00726101892179
1.0		1.0		1.0		-1		260449		0.00726266221036
1.0		1.0		1.0		-1		260450		0.00708128294102
1.0		1.0		1.0		-1		260451		0.00703093331849
1.0		1.0		1.0		-1		260452		0.00707349945979
1.0		1.0		1.0		-1		260453		0.00692774870065
1.0		1.0		1.0		-1		260454		0.00725060356182
1.0		1.0		1.0		-1		260455		0.00698830234145
1.0		1.0		1.0		-1		260456		0.00742200121317
1.0		1.0		1.0		-1		260457		0.00706878300742
1.0		1.0		1.0		-1		260458		0.00710999328647
1.0		1.0		1.0		-1		260459		0.00722524104096
1.0		1.0		1.0		-1		260460		0.00701070435055
1.0		1.0		1.0		-1		260461		0.00704107411902
1.0		1.0		1.0		-1		260462		0.00708253814676
1.0		1.0		1.0		-1		260463		0.00702888508851
1.0		1.0		1.0		-1		260464		0.00746388996177
1.0		1.0		1.0		-1		260465		0.00676114255061
1.0		1.0		1.0		-1		260466		0.00700067740794
1.0		1.0		1.0		-1		260467		0.00728803725322
1.0		1.0		1.0		-1		260468		0.0069510928808
1.0		1.0		1.0		-1		260469		0.00708451897022
1.0		1.0		1.0		-1		260470		0.00718492952979
1.0		1.0		1.0		-1		260471		0.00677938879167
1.0		1.0		1.0		-1		260472		0.0070696781942
1.0		1.0		1.0		-1		260473		0.00715734484437
1.0		1.0		1.0		-1		260474		0.00720595307397
1.0		1.0		1.0		-1		260475		0.00719314112554
1.0		1.0		1.0		-1		260476		0.0067521965521
1.0		1.0		1.0		-1		260477		0.00684955609595
1.0		1.0		1.0		-1		260478		0.0071872132158
1.0		1.0		1.0		-1		260479		0.00708147964499
1.0		1.0		1.0		-1		260480		0.00703028386736
1.0		1.0		1.0		-1		260481		0.00679600548045
1.0		1.0		1.0		-1		260482		0.00702105241211
1.0		1.0		1.0		-1		260483		0.00734746806765
1.0		1.0		1.0		-1		260484		0.00709026920124
1.0		1.0		1.0		-1		260485		0.00731251270656
1.0		1.0		1.0		-1		260486		0.00727081350563
1.0		1.0		1.0		-1		260487		0.00715404554372
1.0		1.0		1.0		-1		260488		0.00722065505201
1.0		1.0		1.0		-1		260489		0.00729216425209
1.0		1.0		1.0		-1		260490		0.00706288162723
1.0		1.0		1.0		-1		260491		0.00715538155485
1.0		1.0		1.0		-1		260492		0.00691361058376
1.0		1.0		1.0		-1		260493		0.00730708472007
1.0		1.0		1.0		-1		260494		0.00706401781908
1.0		1.0		1.0		-1		260495		0.00761196179479
1.0		1.0		1.0		-1		260496		0.00691695989483
1.0		1.0		1.0		-1		260497		0.0071403482212
1.0		1.0		1.0		-1		260498		0.00673146549358
1.0		1.0		1.0		-1		260499		0.00728395199403
1.0		1.0		1.0		-1		260500		0.00751442547336
1.0		1.0		1.0		-1		262400		0.00736160444469
1.0		1.0		1.0		-1		263400		0.00687483192601
1.0		1.0		1.0		-1		292000		0.0071059875367
1.0		1.0		1.0		-1		292001		0.00725489767165
1.0		1.0		1.0		-1		292002		0.00730905550288
1.0		1.0		1.0		-1		292003		0.00712204826169
1.0		1.0		1.0		-1		292004		0.00694572541311
1.0		1.0		1.0		-1		292005		0.00721817902039
1.0		1.0		1.0		-1		292006		0.00723639477711
1.0		1.0		1.0		-1		292007		0.00702939453211
1.0		1.0		1.0		-1		292008		0.00728033834715
1.0		1.0		1.0		-1		292009		0.00705234437627
1.0		1.0		1.0		-1		292010		0.00707350654464
1.0		1.0		1.0		-1		292011		0.00692158479094
1.0		1.0		1.0		-1		292012		0.00712021870011
1.0		1.0		1.0		-1		292013		0.0072581934345
1.0		1.0		1.0		-1		292014		0.00716911464551
1.0		1.0		1.0		-1		292015		0.00733292414871
1.0		1.0		1.0		-1		292016		0.00716626426319
1.0		1.0		1.0		-1		292017		0.00770121564166
1.0		1.0		1.0		-1		292018		0.00740306315257
1.0		1.0		1.0		-1		292019		0.00701879101679
1.0		1.0		1.0		-1		292020		0.0071861636988
1.0		1.0		1.0		-1		292021		0.0069394198934
1.0		1.0		1.0		-1		292022		0.00678323356032
1.0		1.0		1.0		-1		292023		0.00701946378949
1.0		1.0		1.0		-1		292024		0.00679000932351
1.0		1.0		1.0		-1		292025		0.00707857392159
1.0		1.0		1.0		-1		292026		0.0069960895296
1.0		1.0		1.0		-1		292027		0.00756415256024
1.0		1.0		1.0		-1		292028		0.00731668132742
1.0		1.0		1.0		-1		292029		0.00738605715432
1.0		1.0		1.0		-1		292030		0.007031805265
1.0		1.0		1.0		-1		292031		0.00691581431022
1.0		1.0		1.0		-1		292032		0.0068701604632
1.0		1.0		1.0		-1		292033		0.0069455377507
1.0		1.0		1.0		-1		292034		0.00670756605017
1.0		1.0		1.0		-1		292035		0.00713299476861
1.0		1.0		1.0		-1		292036		0.0070311094572
1.0		1.0		1.0		-1		292037		0.00735793003869
1.0		1.0		1.0		-1		292038		0.00704817263122
1.0		1.0		1.0		-1		292039		0.00702331103087
1.0		1.0		1.0		-1		292040		0.00694287208543
1.0		1.0		1.0		-1		292041		0.00694275281667
1.0		1.0		1.0		-1		292042		0.00703781872718
1.0		1.0		1.0		-1		292043		0.00680566189995
1.0		1.0		1.0		-1		292044		0.00703930319981
1.0		1.0		1.0		-1		292045		0.00688393310179
1.0		1.0		1.0		-1		292046		0.00678957381892
1.0		1.0		1.0		-1		292047		0.00731114404571
1.0		1.0		1.0		-1		292048		0.00726101892179
1.0		1.0		1.0		-1		292049		0.00726266221036
1.0		1.0		1.0		-1		292050		0.00708128294102
1.0		1.0		1.0		-1		292051		0.00703093331849
1.0		1.0		1.0		-1		292052		0.00707349945979
1.0		1.0		1.0		-1		292053		0.00692774870065
1.0		1.0		1.0		-1		292054		0.00725060356182
1.0		1.0		1.0		-1		292055		0.00698830234145
1.0		1.0		1.0		-1		292056		0.00742200121317
1.0		1.0		1.0		-1		292057		0.00706878300742
1.0		1.0		1.0		-1		292058		0.00710999328647
1.0		1.0		1.0		-1		292059		0.00722524104096
1.0		1.0		1.0		-1		292060		0.00701070435055
1.0		1.0		1.0		-1		292061		0.00704107411902
1.0		1.0		1.0		-1		292062		0.00708253814676
1.0		1.0		1.0		-1		292063		0.00702888508851
1.0		1.0		1.0		-1		292064		0.00746388996177
1.0		1.0		1.0		-1		292065		0.00676114255061
1.0		1.0		1.0		-1		292066		0.00700067740794
1.0		1.0		1.0		-1		292067		0.00728803725322
1.0		1.0		1.0		-1		292068		0.0069510928808
1.0		1.0		1.0		-1		292069		0.00708451897022
1.0		1.0		1.0		-1		292070		0.00718492952979
1.0		1.0		1.0		-1		292071		0.00677938879167
1.0		1.0		1.0		-1		292072		0.0070696781942
1.0		1.0		1.0		-1		292073		0.00715734484437
1.0		1.0		1.0		-1		292074		0.00720595307397
1.0		1.0		1.0		-1		292075		0.00719314112554
1.0		1.0		1.0		-1		292076		0.0067521965521
1.0		1.0		1.0		-1		292077		0.00684955609595
1.0		1.0		1.0		-1		292078		0.0071872132158
1.0		1.0		1.0		-1		292079		0.00708147964499
1.0		1.0		1.0		-1		292080		0.00703028386736
1.0		1.0		1.0		-1		292081		0.00679600548045
1.0		1.0		1.0		-1		292082		0.00702105241211
1.0		1.0		1.0		-1		292083		0.00734746806765
1.0		1.0		1.0		-1		292084		0.00709026920124
1.0		1.0		1.0		-1		292085		0.00731251270656
1.0		1.0		1.0		-1		292086		0.00727081350563
1.0		1.0		1.0		-1		292087		0.00715404554372
1.0		1.0		1.0		-1		292088		0.00722065505201
1.0		1.0		1.0		-1		292089		0.00729216425209
1.0		1.0		1.0		-1		292090		0.00706288162723
1.0		1.0		1.0		-1		292091		0.00715538155485
1.0		1.0		1.0		-1		292092		0.00691361058376
1.0		1.0		1.0		-1		292093		0.00730708472007
1.0		1.0		1.0		-1		292094		0.00706401781908
1.0		1.0		1.0		-1		292095		0.00761196179479
1.0		1.0		1.0		-1		292096		0.00691695989483
1.0		1.0		1.0		-1		292097		0.0071403482212
1.0		1.0		1.0		-1		292098		0.00673146549358
1.0		1.0		1.0		-1		292099		0.00728395199403
1.0		1.0		1.0		-1		292100		0.00751442547336
1.0		1.0		1.0		-1		292101		0.007053144391
1.0		1.0		1.0		-1		292102		0.00717601618237
1.0		1.0		1.0		-1		292400		0.00695740099846

#***************************************************************************
#
# original cross-section: 0.0066756465
#     scale variation: +29.7% -21.5%
#     emission scale variation: + 0% -21.5%
#     central scheme variation: +44.3% - 0%
# PDF variation: +1.64% -1.64%
#
#PDF NNPDF31_nnlo_as_0118_nf_4: 0.0066756 +1.64% -1.64%
#PDF MMHT2014nlo68cl_nf4: 0.0077966 +4.03% -4.24%
#PDF MMHT2014nnlo68cl_nf4: 0.00701709 +3.02% -4.11%
#PDF MSTW2008nlo68cl_nf4: 0.00713914 +3.8% -4.73%
#PDF NNPDF30_nlo_nf_4_pdfas: 0.00710603 +3.12% -3.12%
#PDF NNPDF30_nlo_as_0118_nf_4: 0.00710603 +2.99% -2.99%
#PDF MMHT2014nlo68clas118_nf4: 0.00767693 +4.14% -3.72%
#PDF MSTW2008nnlo68cl_nf4: 0.00685662 +3.69% -3.76%
#PDF MSTW2008lo68cl_nf4: 0.0076128 +3.79% -3.89%
#PDF NNPDF31_nnlo_hessian_pdfas: 0.00650895 +2.45% -2.45%
#PDF PDF4LHC15_nlo_nf4_30: 0.00696285 +3.98% -3.98%
#PDF NNPDF31_nlo_as_0118_nf_4: 0.00683824 +1.72% -1.72%
# dynamical scheme # 1 : 0.00736969 +30.7% -22% # \sum ET
# dynamical scheme # 2 : 0.00736869 +30.7% -22% # \sum\sqrt{m^2+pt^2}
# dynamical scheme # 3 : 0.00963 +33.6% -23.5% # 0.5 \sum\sqrt{m^2+pt^2}
# dynamical scheme # 4 : 0.00667565 +29.7% -21.5% # \sqrt{\hat s}
# PDF 292400 : 0.00695740099846
#***************************************************************************
