# mur		muf		alpsfact	dynamical_scale	pdf		cross-section
1.0		1.0		1.0		-1		325500		0.0069448176
1.0		1.0		1.0		1		325500		0.00753916690068
1.0		1.0		1.0		2		325500		0.00753812024243
1.0		1.0		1.0		3		325500		0.00982954443424
1.0		1.0		1.0		4		325500		0.00694481760035
2.0		1.0		1.0		-1		325500		0.00596008581715
2.0		1.0		1.0		1		325500		0.00644315224988
2.0		1.0		1.0		2		325500		0.0064423034635
2.0		1.0		1.0		3		325500		0.00828324279747
2.0		1.0		1.0		4		325500		0.00596008581744
0.5		1.0		1.0		-1		325500		0.00820036701576
0.5		1.0		1.0		1		325500		0.00894666067691
0.5		1.0		1.0		2		325500		0.00894534275708
0.5		1.0		1.0		3		325500		0.0118636670468
0.5		1.0		1.0		4		325500		0.0082003670162
1.0		2.0		1.0		-1		325500		0.00635767722122
1.0		2.0		1.0		1		325500		0.00689142053957
1.0		2.0		1.0		2		325500		0.00689048138099
1.0		2.0		1.0		3		325500		0.00894534275708
1.0		2.0		1.0		4		325500		0.00635767722152
2.0		2.0		1.0		-1		325500		0.0054561918504
2.0		2.0		1.0		1		325500		0.00588956447845
2.0		2.0		1.0		2		325500		0.00588880361609
2.0		2.0		1.0		3		325500		0.00753812024243
2.0		2.0		1.0		4		325500		0.00545619185065
0.5		2.0		1.0		-1		325500		0.00750708842912
0.5		2.0		1.0		1		325500		0.00817799967022
0.5		2.0		1.0		2		325500		0.00817681586946
0.5		2.0		1.0		3		325500		0.0107965169409
0.5		2.0		1.0		4		325500		0.00750708842949
1.0		0.5		1.0		-1		325500		0.00762071264638
1.0		0.5		1.0		1		325500		0.00828441416347
1.0		0.5		1.0		2		325500		0.00828324279747
1.0		0.5		1.0		3		325500		0.0108515309825
1.0		0.5		1.0		4		325500		0.0076207126468
2.0		0.5		1.0		-1		325500		0.00654015229778
2.0		0.5		1.0		1		325500		0.0070800709853
2.0		0.5		1.0		2		325500		0.00707912017233
2.0		0.5		1.0		3		325500		0.00914448495652
2.0		0.5		1.0		4		325500		0.00654015229812
0.5		0.5		1.0		-1		325500		0.00899844173735
0.5		0.5		1.0		1		325500		0.00983101789566
0.5		0.5		1.0		2		325500		0.00982954443424
0.5		0.5		1.0		3		325500		0.0130970979716
0.5		0.5		1.0		4		325500		0.00899844173787
1.0		1.0		0.5		-1		325500		0.0069448176
1.0		1.0		2.0		-1		325500		0.0069448176
1.0		1.0		1.0		-1		325500		0.0069448176
1.0		1.0		1.0		-1		325501		0.00693687876164
1.0		1.0		1.0		-1		325502		0.00693295801845
1.0		1.0		1.0		-1		325503		0.0069414651249
1.0		1.0		1.0		-1		325504		0.00696220565451
1.0		1.0		1.0		-1		325505		0.00691867534833
1.0		1.0		1.0		-1		325506		0.00696131510449
1.0		1.0		1.0		-1		325507		0.00693035197262
1.0		1.0		1.0		-1		325508		0.00693139668249
1.0		1.0		1.0		-1		325509		0.00694177522755
1.0		1.0		1.0		-1		325510		0.00693506353629
1.0		1.0		1.0		-1		325511		0.00696729422491
1.0		1.0		1.0		-1		325512		0.00695486561084
1.0		1.0		1.0		-1		325513		0.00695994704538
1.0		1.0		1.0		-1		325514		0.00696585388404
1.0		1.0		1.0		-1		325515		0.00696338585779
1.0		1.0		1.0		-1		325516		0.006961671312
1.0		1.0		1.0		-1		325517		0.0069670279003
1.0		1.0		1.0		-1		325518		0.00691520819069
1.0		1.0		1.0		-1		325519		0.0069169131368
1.0		1.0		1.0		-1		325520		0.00694259227078
1.0		1.0		1.0		-1		325521		0.00693249612459
1.0		1.0		1.0		-1		325522		0.00694307300245
1.0		1.0		1.0		-1		325523		0.0069532649611
1.0		1.0		1.0		-1		325524		0.00692058399421
1.0		1.0		1.0		-1		325525		0.00694401302667
1.0		1.0		1.0		-1		325526		0.00693581053817
1.0		1.0		1.0		-1		325527		0.00694688132593
1.0		1.0		1.0		-1		325528		0.00693139055005
1.0		1.0		1.0		-1		325529		0.00691499232815
1.0		1.0		1.0		-1		325530		0.00694984294048
1.0		1.0		1.0		-1		325531		0.00691682776461
1.0		1.0		1.0		-1		325532		0.0069366065792
1.0		1.0		1.0		-1		325533		0.00693442584867
1.0		1.0		1.0		-1		325534		0.00692395045279
1.0		1.0		1.0		-1		325535		0.00695711152492
1.0		1.0		1.0		-1		325536		0.00695786225576
1.0		1.0		1.0		-1		325537		0.00693037529029
1.0		1.0		1.0		-1		325538		0.00694583394781
1.0		1.0		1.0		-1		325539		0.0069436273457
1.0		1.0		1.0		-1		325540		0.00693447290505
1.0		1.0		1.0		-1		325541		0.00693186005205
1.0		1.0		1.0		-1		325542		0.00695827048546
1.0		1.0		1.0		-1		325543		0.0069466353646
1.0		1.0		1.0		-1		325544		0.00694952009164
1.0		1.0		1.0		-1		325545		0.00694408645741
1.0		1.0		1.0		-1		325546		0.00692827217075
1.0		1.0		1.0		-1		325547		0.00694881205482
1.0		1.0		1.0		-1		325548		0.00694362562667
1.0		1.0		1.0		-1		325549		0.00693373721421
1.0		1.0		1.0		-1		325550		0.00693859296923
1.0		1.0		1.0		-1		325551		0.00694140206296
1.0		1.0		1.0		-1		325552		0.00695594789222
1.0		1.0		1.0		-1		325553		0.00694466474769
1.0		1.0		1.0		-1		325554		0.00694263970398
1.0		1.0		1.0		-1		325555		0.00693359254459
1.0		1.0		1.0		-1		325556		0.0069418400984
1.0		1.0		1.0		-1		325557		0.00694749786563
1.0		1.0		1.0		-1		325558		0.00695154178906
1.0		1.0		1.0		-1		325559		0.00694773148358
1.0		1.0		1.0		-1		325560		0.00694178679937
1.0		1.0		1.0		-1		325561		0.00694230523088
1.0		1.0		1.0		-1		325562		0.00695054261716
1.0		1.0		1.0		-1		325563		0.00695045551097
1.0		1.0		1.0		-1		325564		0.00694341329239
1.0		1.0		1.0		-1		325565		0.00695200560173
1.0		1.0		1.0		-1		325566		0.00693979378574
1.0		1.0		1.0		-1		325567		0.00693744509504
1.0		1.0		1.0		-1		325568		0.00695582602879
1.0		1.0		1.0		-1		325569		0.00694355155008
1.0		1.0		1.0		-1		325570		0.00694990863549
1.0		1.0		1.0		-1		325571		0.00693852269214
1.0		1.0		1.0		-1		325572		0.00693836975021
1.0		1.0		1.0		-1		325573		0.00694609574759
1.0		1.0		1.0		-1		325574		0.00693820785922
1.0		1.0		1.0		-1		325575		0.00694342683333
1.0		1.0		1.0		-1		325576		0.00694526083502
1.0		1.0		1.0		-1		325577		0.00694922679437
1.0		1.0		1.0		-1		325578		0.00694717714943
1.0		1.0		1.0		-1		325579		0.0069425044533
1.0		1.0		1.0		-1		325580		0.00694442029688
1.0		1.0		1.0		-1		325581		0.00694177425335
1.0		1.0		1.0		-1		325582		0.00694573163119
1.0		1.0		1.0		-1		325583		0.00695406522013
1.0		1.0		1.0		-1		325584		0.00694303929226
1.0		1.0		1.0		-1		325585		0.0069470810268
1.0		1.0		1.0		-1		325586		0.00694373859307
1.0		1.0		1.0		-1		325587		0.00694592810142
1.0		1.0		1.0		-1		325588		0.00694286791169
1.0		1.0		1.0		-1		325589		0.00694095799988
1.0		1.0		1.0		-1		325590		0.00694759806026
1.0		1.0		1.0		-1		325591		0.00694686659481
1.0		1.0		1.0		-1		325592		0.00694973233959
1.0		1.0		1.0		-1		325593		0.00694043101564
1.0		1.0		1.0		-1		325594		0.00694570745509
1.0		1.0		1.0		-1		325595		0.00694865030797
1.0		1.0		1.0		-1		325596		0.00694295039378
1.0		1.0		1.0		-1		325597		0.00694775373387
1.0		1.0		1.0		-1		325598		0.00694575494486
1.0		1.0		1.0		-1		325599		0.00694623067252
1.0		1.0		1.0		-1		325600		0.0069448176
1.0		1.0		1.0		-1		320900		0.0069448176
1.0		1.0		1.0		-1		320901		0.00708412669318
1.0		1.0		1.0		-1		320902		0.00685349548252
1.0		1.0		1.0		-1		320903		0.00694402204239
1.0		1.0		1.0		-1		320904		0.00701439003474
1.0		1.0		1.0		-1		320905		0.00690432568037
1.0		1.0		1.0		-1		320906		0.00715633497238
1.0		1.0		1.0		-1		320907		0.00685223508789
1.0		1.0		1.0		-1		320908		0.00679498108649
1.0		1.0		1.0		-1		320909		0.00688201592059
1.0		1.0		1.0		-1		320910		0.00721946539046
1.0		1.0		1.0		-1		320911		0.00695317967391
1.0		1.0		1.0		-1		320912		0.00704700714553
1.0		1.0		1.0		-1		320913		0.00689601948823
1.0		1.0		1.0		-1		320914		0.00697417258925
1.0		1.0		1.0		-1		320915		0.00674923070583
1.0		1.0		1.0		-1		320916		0.00688152911186
1.0		1.0		1.0		-1		320917		0.00698566484444
1.0		1.0		1.0		-1		320918		0.00685586903843
1.0		1.0		1.0		-1		320919		0.00674375076381
1.0		1.0		1.0		-1		320920		0.00679734355563
1.0		1.0		1.0		-1		320921		0.00686297495055
1.0		1.0		1.0		-1		320922		0.00673022321266
1.0		1.0		1.0		-1		320923		0.00674502595802
1.0		1.0		1.0		-1		320924		0.00696256714539
1.0		1.0		1.0		-1		320925		0.00682157688209
1.0		1.0		1.0		-1		320926		0.00682556713876
1.0		1.0		1.0		-1		320927		0.00699775607678
1.0		1.0		1.0		-1		320928		0.00688263297958
1.0		1.0		1.0		-1		320929		0.00698647162436
1.0		1.0		1.0		-1		320930		0.0070245785278
1.0		1.0		1.0		-1		320931		0.00699551763747
1.0		1.0		1.0		-1		320932		0.00697880001533
1.0		1.0		1.0		-1		320933		0.00688532516306
1.0		1.0		1.0		-1		320934		0.00707719201993
1.0		1.0		1.0		-1		320935		0.00687009696357
1.0		1.0		1.0		-1		320936		0.00698558846533
1.0		1.0		1.0		-1		320937		0.00681011578406
1.0		1.0		1.0		-1		320938		0.00700013923154
1.0		1.0		1.0		-1		320939		0.00701554711569
1.0		1.0		1.0		-1		320940		0.00695740963727
1.0		1.0		1.0		-1		320941		0.00693740716041
1.0		1.0		1.0		-1		320942		0.0071002664254
1.0		1.0		1.0		-1		320943		0.00704476545057
1.0		1.0		1.0		-1		320944		0.00706431036491
1.0		1.0		1.0		-1		320945		0.00688753736448
1.0		1.0		1.0		-1		320946		0.00700756747086
1.0		1.0		1.0		-1		320947		0.00701344440469
1.0		1.0		1.0		-1		320948		0.00703534935651
1.0		1.0		1.0		-1		320949		0.00693216421241
1.0		1.0		1.0		-1		320950		0.00701561659887
1.0		1.0		1.0		-1		320951		0.00700141300996
1.0		1.0		1.0		-1		320952		0.00689296012551
1.0		1.0		1.0		-1		320953		0.00698171291502
1.0		1.0		1.0		-1		320954		0.00693203688305
1.0		1.0		1.0		-1		320955		0.00687964420911
1.0		1.0		1.0		-1		320956		0.00697309791998
1.0		1.0		1.0		-1		320957		0.0068415953556
1.0		1.0		1.0		-1		320958		0.00706683690118
1.0		1.0		1.0		-1		320959		0.00680828807432
1.0		1.0		1.0		-1		320960		0.00691829874166
1.0		1.0		1.0		-1		320961		0.00695344994148
1.0		1.0		1.0		-1		320962		0.00695372798558
1.0		1.0		1.0		-1		320963		0.00685802628414
1.0		1.0		1.0		-1		320964		0.00701201914905
1.0		1.0		1.0		-1		320965		0.00681968735022
1.0		1.0		1.0		-1		320966		0.0070196120782
1.0		1.0		1.0		-1		320967		0.00685573056308
1.0		1.0		1.0		-1		320968		0.00690187265687
1.0		1.0		1.0		-1		320969		0.00693149448327
1.0		1.0		1.0		-1		320970		0.00705841188385
1.0		1.0		1.0		-1		320971		0.00690816190828
1.0		1.0		1.0		-1		320972		0.00682794538404
1.0		1.0		1.0		-1		320973		0.00689633879618
1.0		1.0		1.0		-1		320974		0.00681485515463
1.0		1.0		1.0		-1		320975		0.00696387220651
1.0		1.0		1.0		-1		320976		0.00703020291241
1.0		1.0		1.0		-1		320977		0.00698289325045
1.0		1.0		1.0		-1		320978		0.00684071465132
1.0		1.0		1.0		-1		320979		0.00689232607609
1.0		1.0		1.0		-1		320980		0.00722519663368
1.0		1.0		1.0		-1		320981		0.00700988909566
1.0		1.0		1.0		-1		320982		0.00688152911186
1.0		1.0		1.0		-1		320983		0.00703451461121
1.0		1.0		1.0		-1		320984		0.00684455553286
1.0		1.0		1.0		-1		320985		0.00693531664531
1.0		1.0		1.0		-1		320986		0.00721175871136
1.0		1.0		1.0		-1		320987		0.00690124553958
1.0		1.0		1.0		-1		320988		0.00709629606657
1.0		1.0		1.0		-1		320989		0.00709887270538
1.0		1.0		1.0		-1		320990		0.00702954095457
1.0		1.0		1.0		-1		320991		0.00686606244328
1.0		1.0		1.0		-1		320992		0.00701525463214
1.0		1.0		1.0		-1		320993		0.00692412032668
1.0		1.0		1.0		-1		320994		0.00696527356144
1.0		1.0		1.0		-1		320995		0.00696802765704
1.0		1.0		1.0		-1		320996		0.0068221514411
1.0		1.0		1.0		-1		320997		0.00728163205609
1.0		1.0		1.0		-1		320998		0.00693414164429
1.0		1.0		1.0		-1		320999		0.00676728490796
1.0		1.0		1.0		-1		321000		0.0068078140875
1.0		1.0		1.0		-1		11082		0.00716522887957
1.0		1.0		1.0		-1		11083		0.00703566542222
1.0		1.0		1.0		-1		13091		0.00739099405052
1.0		1.0		1.0		-1		13191		0.00727080341094
1.0		1.0		1.0		-1		13202		0.0079187696694
1.0		1.0		1.0		-1		23100		0.00800428876185
1.0		1.0		1.0		-1		23101		0.00800917600712
1.0		1.0		1.0		-1		23102		0.00800161497443
1.0		1.0		1.0		-1		23103		0.0080061699016
1.0		1.0		1.0		-1		23104		0.00800332292889
1.0		1.0		1.0		-1		23105		0.00798825120779
1.0		1.0		1.0		-1		23106		0.00802603339647
1.0		1.0		1.0		-1		23107		0.00799100426116
1.0		1.0		1.0		-1		23108		0.00801279823533
1.0		1.0		1.0		-1		23109		0.00800145682112
1.0		1.0		1.0		-1		23110		0.00800640826509
1.0		1.0		1.0		-1		23111		0.00802818601062
1.0		1.0		1.0		-1		23112		0.00798051797576
1.0		1.0		1.0		-1		23113		0.00802719468636
1.0		1.0		1.0		-1		23114		0.00797938167814
1.0		1.0		1.0		-1		23115		0.00786405011902
1.0		1.0		1.0		-1		23116		0.00816118588444
1.0		1.0		1.0		-1		23117		0.00795487237628
1.0		1.0		1.0		-1		23118		0.00804214367515
1.0		1.0		1.0		-1		23119		0.00806207931101
1.0		1.0		1.0		-1		23120		0.00793381559088
1.0		1.0		1.0		-1		23121		0.00818224195474
1.0		1.0		1.0		-1		23122		0.00782646593338
1.0		1.0		1.0		-1		23123		0.00795368784043
1.0		1.0		1.0		-1		23124		0.00804249863973
1.0		1.0		1.0		-1		23125		0.00800453125194
1.0		1.0		1.0		-1		23126		0.00801051461155
1.0		1.0		1.0		-1		23127		0.00794962011622
1.0		1.0		1.0		-1		23128		0.00804145440697
1.0		1.0		1.0		-1		23129		0.00801537440117
1.0		1.0		1.0		-1		23130		0.0079977602701
1.0		1.0		1.0		-1		23131		0.00801656804328
1.0		1.0		1.0		-1		23132		0.00800344288123
1.0		1.0		1.0		-1		23133		0.00805267257862
1.0		1.0		1.0		-1		23134		0.00798133719774
1.0		1.0		1.0		-1		23135		0.00800376251571
1.0		1.0		1.0		-1		23136		0.00800442390709
1.0		1.0		1.0		-1		23137		0.00807082143727
1.0		1.0		1.0		-1		23138		0.00791678469779
1.0		1.0		1.0		-1		23139		0.00801756749126
1.0		1.0		1.0		-1		23140		0.00794702264048
1.0		1.0		1.0		-1		23300		0.00748072616112
1.0		1.0		1.0		-1		23301		0.00751050029539
1.0		1.0		1.0		-1		23302		0.00745630463545
1.0		1.0		1.0		-1		23303		0.00747616420914
1.0		1.0		1.0		-1		23304		0.00748574381433
1.0		1.0		1.0		-1		23305		0.00747936244903
1.0		1.0		1.0		-1		23306		0.00748252292567
1.0		1.0		1.0		-1		23307		0.0074849676177
1.0		1.0		1.0		-1		23308		0.00747770100985
1.0		1.0		1.0		-1		23309		0.0074735820364
1.0		1.0		1.0		-1		23310		0.00749076636722
1.0		1.0		1.0		-1		23311		0.00743936504634
1.0		1.0		1.0		-1		23312		0.00750629245162
1.0		1.0		1.0		-1		23313		0.00748359368995
1.0		1.0		1.0		-1		23314		0.00747703481981
1.0		1.0		1.0		-1		23315		0.00747479763547
1.0		1.0		1.0		-1		23316		0.00748274296445
1.0		1.0		1.0		-1		23317		0.00737407567425
1.0		1.0		1.0		-1		23318		0.00761385011498
1.0		1.0		1.0		-1		23319		0.00749368033861
1.0		1.0		1.0		-1		23320		0.00746825741636
1.0		1.0		1.0		-1		23321		0.00764922126251
1.0		1.0		1.0		-1		23322		0.00720644213169
1.0		1.0		1.0		-1		23323		0.00736498272699
1.0		1.0		1.0		-1		23324		0.00755622988718
1.0		1.0		1.0		-1		23325		0.00740928268533
1.0		1.0		1.0		-1		23326		0.00751569103225
1.0		1.0		1.0		-1		23327		0.0074410591244
1.0		1.0		1.0		-1		23328		0.00752257016245
1.0		1.0		1.0		-1		23329		0.00742059877738
1.0		1.0		1.0		-1		23330		0.00758434672386
1.0		1.0		1.0		-1		23331		0.00745542378839
1.0		1.0		1.0		-1		23332		0.00749092369151
1.0		1.0		1.0		-1		23333		0.00749640867867
1.0		1.0		1.0		-1		23334		0.00747116579432
1.0		1.0		1.0		-1		23335		0.00752824724246
1.0		1.0		1.0		-1		23336		0.0074564997653
1.0		1.0		1.0		-1		23337		0.00746525482338
1.0		1.0		1.0		-1		23338		0.00754865795443
1.0		1.0		1.0		-1		23339		0.00749630443177
1.0		1.0		1.0		-1		23340		0.00747677358277
1.0		1.0		1.0		-1		23490		0.00748072616112
1.0		1.0		1.0		-1		23491		0.00749499413235
1.0		1.0		1.0		-1		23492		0.00749002858851
1.0		1.0		1.0		-1		23493		0.00748458135876
1.0		1.0		1.0		-1		23494		0.00747784314785
1.0		1.0		1.0		-1		23495		0.0074739279973
1.0		1.0		1.0		-1		23496		0.00747063700849
1.0		1.0		1.0		-1		23600		0.00715210669412
1.0		1.0		1.0		-1		23601		0.00718676644573
1.0		1.0		1.0		-1		23602		0.00711765246151
1.0		1.0		1.0		-1		23603		0.00714708233613
1.0		1.0		1.0		-1		23604		0.00715576722961
1.0		1.0		1.0		-1		23605		0.00715440917931
1.0		1.0		1.0		-1		23606		0.00715001955233
1.0		1.0		1.0		-1		23607		0.00715149155508
1.0		1.0		1.0		-1		23608		0.00715287607543
1.0		1.0		1.0		-1		23609		0.00714971796707
1.0		1.0		1.0		-1		23610		0.00715358850376
1.0		1.0		1.0		-1		23611		0.00715794334868
1.0		1.0		1.0		-1		23612		0.0071474999859
1.0		1.0		1.0		-1		23613		0.00711867939635
1.0		1.0		1.0		-1		23614		0.00717203696588
1.0		1.0		1.0		-1		23615		0.00715606630248
1.0		1.0		1.0		-1		23616		0.00714126045075
1.0		1.0		1.0		-1		23617		0.00694027948789
1.0		1.0		1.0		-1		23618		0.0073422383966
1.0		1.0		1.0		-1		23619		0.00711081124852
1.0		1.0		1.0		-1		23620		0.00720345055515
1.0		1.0		1.0		-1		23621		0.00711551569981
1.0		1.0		1.0		-1		23622		0.00716804471367
1.0		1.0		1.0		-1		23623		0.00709791357678
1.0		1.0		1.0		-1		23624		0.00717835614554
1.0		1.0		1.0		-1		23625		0.00728035955405
1.0		1.0		1.0		-1		23626		0.00704485123786
1.0		1.0		1.0		-1		23627		0.00712672546051
1.0		1.0		1.0		-1		23628		0.00719065076533
1.0		1.0		1.0		-1		23629		0.00710904552215
1.0		1.0		1.0		-1		23630		0.00720598879748
1.0		1.0		1.0		-1		23631		0.00711649283448
1.0		1.0		1.0		-1		23632		0.00716472260792
1.0		1.0		1.0		-1		23633		0.00713282074144
1.0		1.0		1.0		-1		23634		0.00718773155678
1.0		1.0		1.0		-1		23635		0.00711356492676
1.0		1.0		1.0		-1		23636		0.00719546316945
1.0		1.0		1.0		-1		23637		0.00714533197383
1.0		1.0		1.0		-1		23638		0.00718273739787
1.0		1.0		1.0		-1		23639		0.00714755377356
1.0		1.0		1.0		-1		23640		0.00718053453621
1.0		1.0		1.0		-1		23790		0.00715210669412
1.0		1.0		1.0		-1		23791		0.00716483960874
1.0		1.0		1.0		-1		23792		0.0071600758806
1.0		1.0		1.0		-1		23793		0.0071551084036
1.0		1.0		1.0		-1		23794		0.00714790070167
1.0		1.0		1.0		-1		23795		0.00714384152977
1.0		1.0		1.0		-1		23796		0.00714097430026
1.0		1.0		1.0		-1		25410		0.00815450810462
1.0		1.0		1.0		-1		25411		0.00815899920298
1.0		1.0		1.0		-1		25412		0.00814950015865
1.0		1.0		1.0		-1		25413		0.00816174651384
1.0		1.0		1.0		-1		25414		0.00814917907974
1.0		1.0		1.0		-1		25415		0.00820221664019
1.0		1.0		1.0		-1		25416		0.00810828326535
1.0		1.0		1.0		-1		25417		0.00814226217371
1.0		1.0		1.0		-1		25418		0.00816986173096
1.0		1.0		1.0		-1		25419		0.00815702093428
1.0		1.0		1.0		-1		25420		0.00815095285041
1.0		1.0		1.0		-1		25421		0.00815473584932
1.0		1.0		1.0		-1		25422		0.00815376210783
1.0		1.0		1.0		-1		25423		0.00815509988985
1.0		1.0		1.0		-1		25424		0.00815353398185
1.0		1.0		1.0		-1		25425		0.00815825059742
1.0		1.0		1.0		-1		25426		0.00815186238877
1.0		1.0		1.0		-1		25427		0.00813403490495
1.0		1.0		1.0		-1		25428		0.00817731397794
1.0		1.0		1.0		-1		25429		0.00814461680319
1.0		1.0		1.0		-1		25430		0.00816194741545
1.0		1.0		1.0		-1		25431		0.00813266157214
1.0		1.0		1.0		-1		25432		0.00817704721833
1.0		1.0		1.0		-1		25433		0.00811935799197
1.0		1.0		1.0		-1		25434		0.00818805297016
1.0		1.0		1.0		-1		25435		0.00810372944336
1.0		1.0		1.0		-1		25436		0.00821749751856
1.0		1.0		1.0		-1		25437		0.00814332206976
1.0		1.0		1.0		-1		25438		0.00815233973827
1.0		1.0		1.0		-1		25439		0.00803745588295
1.0		1.0		1.0		-1		25440		0.00829653657237
1.0		1.0		1.0		-1		25441		0.00792653219837
1.0		1.0		1.0		-1		25442		0.0083368494145
1.0		1.0		1.0		-1		25443		0.0081728658402
1.0		1.0		1.0		-1		25444		0.00813041773908
1.0		1.0		1.0		-1		25445		0.0081857184531
1.0		1.0		1.0		-1		25446		0.00808079064709
1.0		1.0		1.0		-1		25447		0.0081479372031
1.0		1.0		1.0		-1		25448		0.00815510009832
1.0		1.0		1.0		-1		25449		0.00811777086237
1.0		1.0		1.0		-1		25450		0.00819074986445
1.0		1.0		1.0		-1		25451		0.00805396060511
1.0		1.0		1.0		-1		25452		0.00827550340174
1.0		1.0		1.0		-1		25453		0.00818361701419
1.0		1.0		1.0		-1		25454		0.00814974726658
1.0		1.0		1.0		-1		25455		0.0081402877622
1.0		1.0		1.0		-1		25456		0.00819133900592
1.0		1.0		1.0		-1		25457		0.00815544386296
1.0		1.0		1.0		-1		25458		0.0081951544439
1.0		1.0		1.0		-1		25459		0.0081430043774
1.0		1.0		1.0		-1		25460		0.00816179164011
1.0		1.0		1.0		-1		25510		0.00802773605721
1.0		1.0		1.0		-1		25511		0.00803274285236
1.0		1.0		1.0		-1		25512		0.00802231600205
1.0		1.0		1.0		-1		25513		0.00803545316531
1.0		1.0		1.0		-1		25514		0.00802249604862
1.0		1.0		1.0		-1		25515		0.00807651376606
1.0		1.0		1.0		-1		25516		0.00798256812847
1.0		1.0		1.0		-1		25517		0.00801279246523
1.0		1.0		1.0		-1		25518		0.00804479875335
1.0		1.0		1.0		-1		25519		0.00802974046442
1.0		1.0		1.0		-1		25520		0.00802550479859
1.0		1.0		1.0		-1		25521		0.00802836947775
1.0		1.0		1.0		-1		25522		0.00802599113093
1.0		1.0		1.0		-1		25523		0.00802858426735
1.0		1.0		1.0		-1		25524		0.00802620453529
1.0		1.0		1.0		-1		25525		0.00803067984976
1.0		1.0		1.0		-1		25526		0.00802612511553
1.0		1.0		1.0		-1		25527		0.00800391976154
1.0		1.0		1.0		-1		25528		0.00805569976755
1.0		1.0		1.0		-1		25529		0.00802362293325
1.0		1.0		1.0		-1		25530		0.00803118782951
1.0		1.0		1.0		-1		25531		0.00800857209069
1.0		1.0		1.0		-1		25532		0.00805236579662
1.0		1.0		1.0		-1		25533		0.00798560000443
1.0		1.0		1.0		-1		25534		0.00805427312221
1.0		1.0		1.0		-1		25535		0.00813053793703
1.0		1.0		1.0		-1		25536		0.00792845472434
1.0		1.0		1.0		-1		25537		0.00801916262874
1.0		1.0		1.0		-1		25538		0.0080259799041
1.0		1.0		1.0		-1		25539		0.00793848592968
1.0		1.0		1.0		-1		25540		0.00813736674317
1.0		1.0		1.0		-1		25541		0.00786546887535
1.0		1.0		1.0		-1		25542		0.00821926661925
1.0		1.0		1.0		-1		25543		0.00808575119852
1.0		1.0		1.0		-1		25544		0.00797276663673
1.0		1.0		1.0		-1		25545		0.00805728081715
1.0		1.0		1.0		-1		25546		0.00795139072376
1.0		1.0		1.0		-1		25547		0.0080260422722
1.0		1.0		1.0		-1		25548		0.0080226658581
1.0		1.0		1.0		-1		25549		0.00799396683332
1.0		1.0		1.0		-1		25550		0.00806660040819
1.0		1.0		1.0		-1		25551		0.00792760411044
1.0		1.0		1.0		-1		25552		0.00814195498157
1.0		1.0		1.0		-1		25553		0.00806355488244
1.0		1.0		1.0		-1		25554		0.0080167111428
1.0		1.0		1.0		-1		25555		0.00800969615145
1.0		1.0		1.0		-1		25556		0.00807303698867
1.0		1.0		1.0		-1		25557		0.00803391467015
1.0		1.0		1.0		-1		25558		0.00806730322395
1.0		1.0		1.0		-1		25559		0.00801428304543
1.0		1.0		1.0		-1		25560		0.0080381844673
1.0		1.0		1.0		-1		25570		0.00728214752313
1.0		1.0		1.0		-1		25571		0.00713781337072
1.0		1.0		1.0		-1		25572		0.0071806842674
1.0		1.0		1.0		-1		25573		0.00723743393172
1.0		1.0		1.0		-1		25574		0.00735676354523
1.0		1.0		1.0		-1		25605		0.00729042899752
1.0		1.0		1.0		-1		25606		0.00734318566054
1.0		1.0		1.0		-1		25607		0.007337828017
1.0		1.0		1.0		-1		25608		0.00732928001743
1.0		1.0		1.0		-1		25609		0.00731924744052
1.0		1.0		1.0		-1		25610		0.00730602558786
1.0		1.0		1.0		-1		25611		0.00727766895627
1.0		1.0		1.0		-1		25612		0.00726102228088
1.0		1.0		1.0		-1		25613		0.00724283743417
1.0		1.0		1.0		-1		25620		0.00729042899752
1.0		1.0		1.0		-1		25621		0.00729397327064
1.0		1.0		1.0		-1		25622		0.00729156061972
1.0		1.0		1.0		-1		25623		0.00729054681075
1.0		1.0		1.0		-1		25624		0.0072946559788
1.0		1.0		1.0		-1		25710		0.00731890531191
1.0		1.0		1.0		-1		25711		0.00731671803715
1.0		1.0		1.0		-1		25712		0.00732173072157
1.0		1.0		1.0		-1		25713		0.00734320093076
1.0		1.0		1.0		-1		25714		0.00729473770948
1.0		1.0		1.0		-1		25715		0.00733993679722
1.0		1.0		1.0		-1		25716		0.00731047656988
1.0		1.0		1.0		-1		25717		0.00732930221913
1.0		1.0		1.0		-1		25718		0.00730873697822
1.0		1.0		1.0		-1		25719		0.00732341237267
1.0		1.0		1.0		-1		25720		0.00731459379452
1.0		1.0		1.0		-1		25721		0.00731902310591
1.0		1.0		1.0		-1		25722		0.00731890434982
1.0		1.0		1.0		-1		25723		0.00731607907989
1.0		1.0		1.0		-1		25724		0.00732248144311
1.0		1.0		1.0		-1		25725		0.00732533845795
1.0		1.0		1.0		-1		25726		0.00731220192072
1.0		1.0		1.0		-1		25727		0.00730298921248
1.0		1.0		1.0		-1		25728		0.0073279293637
1.0		1.0		1.0		-1		25729		0.00732266739084
1.0		1.0		1.0		-1		25730		0.00731364375542
1.0		1.0		1.0		-1		25731		0.00731457729971
1.0		1.0		1.0		-1		25732		0.00732185507405
1.0		1.0		1.0		-1		25733		0.00734215773934
1.0		1.0		1.0		-1		25734		0.00729708140674
1.0		1.0		1.0		-1		25735		0.007325352193
1.0		1.0		1.0		-1		25736		0.00730144268404
1.0		1.0		1.0		-1		25737		0.00729743277787
1.0		1.0		1.0		-1		25738		0.00732377975603
1.0		1.0		1.0		-1		25739		0.00740052076404
1.0		1.0		1.0		-1		25740		0.00712037814524
1.0		1.0		1.0		-1		25741		0.00724927412361
1.0		1.0		1.0		-1		25742		0.0074674356049
1.0		1.0		1.0		-1		25743		0.00735044165194
1.0		1.0		1.0		-1		25744		0.00725752296529
1.0		1.0		1.0		-1		25745		0.0072090627449
1.0		1.0		1.0		-1		25746		0.00736829121656
1.0		1.0		1.0		-1		25747		0.00731233535724
1.0		1.0		1.0		-1		25748		0.00732535719316
1.0		1.0		1.0		-1		25749		0.00727175589255
1.0		1.0		1.0		-1		25750		0.00735546646266
1.0		1.0		1.0		-1		25751		0.00740340839457
1.0		1.0		1.0		-1		25752		0.00719743532644
1.0		1.0		1.0		-1		25753		0.00732708583152
1.0		1.0		1.0		-1		25754		0.00727312479001
1.0		1.0		1.0		-1		25755		0.00730457369204
1.0		1.0		1.0		-1		25756		0.0073323876448
1.0		1.0		1.0		-1		25757		0.00733729521131
1.0		1.0		1.0		-1		25758		0.00731117679703
1.0		1.0		1.0		-1		25759		0.00735225853843
1.0		1.0		1.0		-1		25760		0.00729530711474
1.0		1.0		1.0		-1		25770		0.00731890531191
1.0		1.0		1.0		-1		25771		0.00723221767069
1.0		1.0		1.0		-1		25772		0.00744793689692
1.0		1.0		1.0		-1		25805		0.00734062628743
1.0		1.0		1.0		-1		25806		0.00744320211462
1.0		1.0		1.0		-1		25807		0.00742438448307
1.0		1.0		1.0		-1		25808		0.00740471944888
1.0		1.0		1.0		-1		25809		0.00738550406343
1.0		1.0		1.0		-1		25810		0.00736287105209
1.0		1.0		1.0		-1		25811		0.00731251912904
1.0		1.0		1.0		-1		25812		0.00728356870643
1.0		1.0		1.0		-1		25813		0.00725842675475
1.0		1.0		1.0		-1		25840		0.00734062628743
1.0		1.0		1.0		-1		25841		0.00733862459458
1.0		1.0		1.0		-1		25842		0.00733904597719
1.0		1.0		1.0		-1		25843		0.00734321147996
1.0		1.0		1.0		-1		25844		0.00734631599187
1.0		1.0		1.0		-1		92000		0.00728476078767
1.0		1.0		1.0		-1		92001		0.00730495268546
1.0		1.0		1.0		-1		92002		0.00732962528378
1.0		1.0		1.0		-1		92003		0.00722966588341
1.0		1.0		1.0		-1		92004		0.0072934494397
1.0		1.0		1.0		-1		92005		0.00719255317792
1.0		1.0		1.0		-1		92006		0.0073451200784
1.0		1.0		1.0		-1		92007		0.00731648647524
1.0		1.0		1.0		-1		92008		0.00727746057552
1.0		1.0		1.0		-1		92009		0.00734458424596
1.0		1.0		1.0		-1		92010		0.00729732047234
1.0		1.0		1.0		-1		92011		0.00714026193767
1.0		1.0		1.0		-1		92012		0.00731096437803
1.0		1.0		1.0		-1		92013		0.00723437376102
1.0		1.0		1.0		-1		92014		0.00728514093104
1.0		1.0		1.0		-1		92015		0.00737331085679
1.0		1.0		1.0		-1		92016		0.00732480842164
1.0		1.0		1.0		-1		92017		0.00735930995414
1.0		1.0		1.0		-1		92018		0.00722766690579
1.0		1.0		1.0		-1		92019		0.00729029226288
1.0		1.0		1.0		-1		92020		0.00723529016376
1.0		1.0		1.0		-1		92021		0.00728135962683
1.0		1.0		1.0		-1		92022		0.00730820500978
1.0		1.0		1.0		-1		92023		0.00724078036948
1.0		1.0		1.0		-1		92024		0.00726493708241
1.0		1.0		1.0		-1		92025		0.00727990327864
1.0		1.0		1.0		-1		92026		0.00729839942336
1.0		1.0		1.0		-1		92027		0.00723950497062
1.0		1.0		1.0		-1		92028		0.00726218684966
1.0		1.0		1.0		-1		92029		0.00729019580946
1.0		1.0		1.0		-1		92030		0.00723547572273
1.0		1.0		1.0		-1		306000		0.00677430699604
1.0		1.0		1.0		-1		306001		0.00676858295094
1.0		1.0		1.0		-1		306002		0.00677108978138
1.0		1.0		1.0		-1		306003		0.00676568850852
1.0		1.0		1.0		-1		306004		0.00679442421874
1.0		1.0		1.0		-1		306005		0.00677639555465
1.0		1.0		1.0		-1		306006		0.00675917181669
1.0		1.0		1.0		-1		306007		0.00677462489762
1.0		1.0		1.0		-1		306008		0.00675990904498
1.0		1.0		1.0		-1		306009		0.00678672579899
1.0		1.0		1.0		-1		306010		0.00676717150399
1.0		1.0		1.0		-1		306011		0.00674541340693
1.0		1.0		1.0		-1		306012		0.00675971444616
1.0		1.0		1.0		-1		306013		0.00673713171279
1.0		1.0		1.0		-1		306014		0.00676260105367
1.0		1.0		1.0		-1		306015		0.00676793494797
1.0		1.0		1.0		-1		306016		0.00678965643655
1.0		1.0		1.0		-1		306017		0.00677041068684
1.0		1.0		1.0		-1		306018		0.00675862407171
1.0		1.0		1.0		-1		306019		0.00677835200994
1.0		1.0		1.0		-1		306020		0.00676652770752
1.0		1.0		1.0		-1		306021		0.00678253452839
1.0		1.0		1.0		-1		306022		0.00676572171829
1.0		1.0		1.0		-1		306023		0.00678576305231
1.0		1.0		1.0		-1		306024		0.00675637906923
1.0		1.0		1.0		-1		306025		0.00677221934425
1.0		1.0		1.0		-1		306026		0.00679221682372
1.0		1.0		1.0		-1		306027		0.0067593278594
1.0		1.0		1.0		-1		306028		0.00675808897715
1.0		1.0		1.0		-1		306029		0.0068295641275
1.0		1.0		1.0		-1		306030		0.00678163296332
1.0		1.0		1.0		-1		306031		0.00677733197445
1.0		1.0		1.0		-1		306032		0.00678368832131
1.0		1.0		1.0		-1		306033		0.00677895855332
1.0		1.0		1.0		-1		306034		0.00677498255812
1.0		1.0		1.0		-1		306035		0.0067749782785
1.0		1.0		1.0		-1		306036		0.00677200032387
1.0		1.0		1.0		-1		306037		0.00677609072435
1.0		1.0		1.0		-1		306038		0.0067758252914
1.0		1.0		1.0		-1		306039		0.00677446254126
1.0		1.0		1.0		-1		306040		0.00678109917754
1.0		1.0		1.0		-1		306041		0.0067749377504
1.0		1.0		1.0		-1		306042		0.0067609483218
1.0		1.0		1.0		-1		306043		0.00676859357243
1.0		1.0		1.0		-1		306044		0.00677819067967
1.0		1.0		1.0		-1		306045		0.00677148903574
1.0		1.0		1.0		-1		306046		0.00678709707015
1.0		1.0		1.0		-1		306047		0.0067854498236
1.0		1.0		1.0		-1		306048		0.00675729722888
1.0		1.0		1.0		-1		306049		0.00676722924758
1.0		1.0		1.0		-1		306050		0.00677625950878
1.0		1.0		1.0		-1		306051		0.0067712043026
1.0		1.0		1.0		-1		306052		0.00676847082256
1.0		1.0		1.0		-1		306053		0.0067759012239
1.0		1.0		1.0		-1		306054		0.00677767587739
1.0		1.0		1.0		-1		306055		0.00677633589101
1.0		1.0		1.0		-1		306056		0.00677153381935
1.0		1.0		1.0		-1		306057		0.00676760808571
1.0		1.0		1.0		-1		306058		0.00677338801359
1.0		1.0		1.0		-1		306059		0.00677211000231
1.0		1.0		1.0		-1		306060		0.00677417611834
1.0		1.0		1.0		-1		306061		0.00677015458228
1.0		1.0		1.0		-1		306062		0.00676704371364
1.0		1.0		1.0		-1		306063		0.00677881163367
1.0		1.0		1.0		-1		306064		0.00677439949938
1.0		1.0		1.0		-1		306065		0.00677610741674
1.0		1.0		1.0		-1		306066		0.00678148053841
1.0		1.0		1.0		-1		306067		0.00677320866783
1.0		1.0		1.0		-1		306068		0.00677579541712
1.0		1.0		1.0		-1		306069		0.00678048666129
1.0		1.0		1.0		-1		306070		0.0067607233081
1.0		1.0		1.0		-1		306071		0.00676972503687
1.0		1.0		1.0		-1		306072		0.00677528954
1.0		1.0		1.0		-1		306073		0.00676412189585
1.0		1.0		1.0		-1		306074		0.00676891914108
1.0		1.0		1.0		-1		306075		0.00676816178639
1.0		1.0		1.0		-1		306076		0.00678073344839
1.0		1.0		1.0		-1		306077		0.00675883039796
1.0		1.0		1.0		-1		306078		0.00677761759462
1.0		1.0		1.0		-1		306079		0.00677757967144
1.0		1.0		1.0		-1		306080		0.0067795525453
1.0		1.0		1.0		-1		306081		0.00677763898686
1.0		1.0		1.0		-1		306082		0.00678027198998
1.0		1.0		1.0		-1		306083		0.00677527598011
1.0		1.0		1.0		-1		306084		0.00677179687831
1.0		1.0		1.0		-1		306085		0.00677763844445
1.0		1.0		1.0		-1		306086		0.00677617273597
1.0		1.0		1.0		-1		306087		0.00676903505659
1.0		1.0		1.0		-1		306088		0.00677576335021
1.0		1.0		1.0		-1		306089		0.00677100354577
1.0		1.0		1.0		-1		306090		0.00677772992597
1.0		1.0		1.0		-1		306091		0.00677400007378
1.0		1.0		1.0		-1		306092		0.00677223872895
1.0		1.0		1.0		-1		306093		0.0067783991299
1.0		1.0		1.0		-1		306094		0.00677230980107
1.0		1.0		1.0		-1		306095		0.00677760579594
1.0		1.0		1.0		-1		306096		0.0067700798369
1.0		1.0		1.0		-1		306097		0.00678347623763
1.0		1.0		1.0		-1		306098		0.00677072906565
1.0		1.0		1.0		-1		306099		0.00677592188449
1.0		1.0		1.0		-1		306100		0.00677376264565
1.0		1.0		1.0		-1		306101		0.00666346081322
1.0		1.0		1.0		-1		306102		0.00691838415166
1.0		1.0		1.0		-1		320500		0.00714099525609
1.0		1.0		1.0		-1		320501		0.00714774852992
1.0		1.0		1.0		-1		320502		0.00743054253699
1.0		1.0		1.0		-1		320503		0.00719971546555
1.0		1.0		1.0		-1		320504		0.00726560184739
1.0		1.0		1.0		-1		320505		0.00727058940646
1.0		1.0		1.0		-1		320506		0.00739283777957
1.0		1.0		1.0		-1		320507		0.00720302512496
1.0		1.0		1.0		-1		320508		0.00722798782628
1.0		1.0		1.0		-1		320509		0.00714703419021
1.0		1.0		1.0		-1		320510		0.00709718398283
1.0		1.0		1.0		-1		320511		0.00707252564204
1.0		1.0		1.0		-1		320512		0.0072059579878
1.0		1.0		1.0		-1		320513		0.007158823402
1.0		1.0		1.0		-1		320514		0.0071784726326
1.0		1.0		1.0		-1		320515		0.00716210746711
1.0		1.0		1.0		-1		320516		0.00736466822365
1.0		1.0		1.0		-1		320517		0.00698737327818
1.0		1.0		1.0		-1		320518		0.00709819901224
1.0		1.0		1.0		-1		320519		0.00734311232541
1.0		1.0		1.0		-1		320520		0.0071661298342
1.0		1.0		1.0		-1		320521		0.00736521752157
1.0		1.0		1.0		-1		320522		0.00699847920408
1.0		1.0		1.0		-1		320523		0.0070983566694
1.0		1.0		1.0		-1		320524		0.00735865676521
1.0		1.0		1.0		-1		320525		0.00706569701176
1.0		1.0		1.0		-1		320526		0.00700131438132
1.0		1.0		1.0		-1		320527		0.00712433296372
1.0		1.0		1.0		-1		320528		0.00703803384568
1.0		1.0		1.0		-1		320529		0.00718430862635
1.0		1.0		1.0		-1		320530		0.00727275037904
1.0		1.0		1.0		-1		320531		0.00715043959006
1.0		1.0		1.0		-1		320532		0.00701145815713
1.0		1.0		1.0		-1		320533		0.00711052227262
1.0		1.0		1.0		-1		320534		0.00698022455159
1.0		1.0		1.0		-1		320535		0.00694660661004
1.0		1.0		1.0		-1		320536		0.00714606395313
1.0		1.0		1.0		-1		320537		0.00737694215452
1.0		1.0		1.0		-1		320538		0.00714041849388
1.0		1.0		1.0		-1		320539		0.00718930106037
1.0		1.0		1.0		-1		320540		0.00713015194016
1.0		1.0		1.0		-1		320541		0.00738513456272
1.0		1.0		1.0		-1		320542		0.00724082891172
1.0		1.0		1.0		-1		320543		0.00727039937383
1.0		1.0		1.0		-1		320544		0.0070611787608
1.0		1.0		1.0		-1		320545		0.00721270402119
1.0		1.0		1.0		-1		320546		0.00721294675049
1.0		1.0		1.0		-1		320547		0.0072059579878
1.0		1.0		1.0		-1		320548		0.00724076637478
1.0		1.0		1.0		-1		320549		0.00706332844178
1.0		1.0		1.0		-1		320550		0.00700470998113
1.0		1.0		1.0		-1		320551		0.00698828984091
1.0		1.0		1.0		-1		320552		0.00695023101882
1.0		1.0		1.0		-1		320553		0.007123878667
1.0		1.0		1.0		-1		320554		0.00708788134199
1.0		1.0		1.0		-1		320555		0.00705947038067
1.0		1.0		1.0		-1		320556		0.0071809864035
1.0		1.0		1.0		-1		320557		0.00695451416514
1.0		1.0		1.0		-1		320558		0.00709089025087
1.0		1.0		1.0		-1		320559		0.00704443991086
1.0		1.0		1.0		-1		320560		0.00703844821565
1.0		1.0		1.0		-1		320561		0.00721571215393
1.0		1.0		1.0		-1		320562		0.00718097544346
1.0		1.0		1.0		-1		320563		0.00699238436399
1.0		1.0		1.0		-1		320564		0.00709105643045
1.0		1.0		1.0		-1		320565		0.00715007472583
1.0		1.0		1.0		-1		320566		0.00719908681284
1.0		1.0		1.0		-1		320567		0.00704932261608
1.0		1.0		1.0		-1		320568		0.00707453361278
1.0		1.0		1.0		-1		320569		0.00689134868691
1.0		1.0		1.0		-1		320570		0.00712949769294
1.0		1.0		1.0		-1		320571		0.00715905302242
1.0		1.0		1.0		-1		320572		0.00705051338243
1.0		1.0		1.0		-1		320573		0.00719880646634
1.0		1.0		1.0		-1		320574		0.00715588929147
1.0		1.0		1.0		-1		320575		0.00705288045095
1.0		1.0		1.0		-1		320576		0.00730018335884
1.0		1.0		1.0		-1		320577		0.00712103861831
1.0		1.0		1.0		-1		320578		0.00699922229806
1.0		1.0		1.0		-1		320579		0.00709655010726
1.0		1.0		1.0		-1		320580		0.00712168023156
1.0		1.0		1.0		-1		320581		0.00707615400675
1.0		1.0		1.0		-1		320582		0.00724651208715
1.0		1.0		1.0		-1		320583		0.00721070585511
1.0		1.0		1.0		-1		320584		0.00700319431949
1.0		1.0		1.0		-1		320585		0.00726075112656
1.0		1.0		1.0		-1		320586		0.00707968386128
1.0		1.0		1.0		-1		320587		0.00711892119768
1.0		1.0		1.0		-1		320588		0.00716149753145
1.0		1.0		1.0		-1		320589		0.00712426659137
1.0		1.0		1.0		-1		320590		0.00712372241121
1.0		1.0		1.0		-1		320591		0.00713566840485
1.0		1.0		1.0		-1		320592		0.00726639530223
1.0		1.0		1.0		-1		320593		0.00715012619308
1.0		1.0		1.0		-1		320594		0.00722341438432
1.0		1.0		1.0		-1		320595		0.00721088755073
1.0		1.0		1.0		-1		320596		0.00706262329814
1.0		1.0		1.0		-1		320597		0.00692778235776
1.0		1.0		1.0		-1		320598		0.00715612060593
1.0		1.0		1.0		-1		320599		0.00706888760282
1.0		1.0		1.0		-1		320600		0.0070463737046
1.0		1.0		1.0		-1		260400		0.00740775924602
1.0		1.0		1.0		-1		260401		0.00754535742707
1.0		1.0		1.0		-1		260402		0.00760219664948
1.0		1.0		1.0		-1		260403		0.00734252208111
1.0		1.0		1.0		-1		260404		0.00724582814842
1.0		1.0		1.0		-1		260405		0.00750015459848
1.0		1.0		1.0		-1		260406		0.00754367694406
1.0		1.0		1.0		-1		260407		0.00734285233243
1.0		1.0		1.0		-1		260408		0.00759011730586
1.0		1.0		1.0		-1		260409		0.00730670545189
1.0		1.0		1.0		-1		260410		0.00731630590738
1.0		1.0		1.0		-1		260411		0.00726799135732
1.0		1.0		1.0		-1		260412		0.00741458281446
1.0		1.0		1.0		-1		260413		0.00759970698464
1.0		1.0		1.0		-1		260414		0.00745706882693
1.0		1.0		1.0		-1		260415		0.0076371377467
1.0		1.0		1.0		-1		260416		0.00746816125363
1.0		1.0		1.0		-1		260417		0.00800625518177
1.0		1.0		1.0		-1		260418		0.00769454935958
1.0		1.0		1.0		-1		260419		0.00734450524234
1.0		1.0		1.0		-1		260420		0.00746877104235
1.0		1.0		1.0		-1		260421		0.00725715748395
1.0		1.0		1.0		-1		260422		0.00707114350743
1.0		1.0		1.0		-1		260423		0.00729655346597
1.0		1.0		1.0		-1		260424		0.0070400296324
1.0		1.0		1.0		-1		260425		0.00739023567036
1.0		1.0		1.0		-1		260426		0.00729332113569
1.0		1.0		1.0		-1		260427		0.00787576255902
1.0		1.0		1.0		-1		260428		0.00764619470321
1.0		1.0		1.0		-1		260429		0.00768890622634
1.0		1.0		1.0		-1		260430		0.00732403789208
1.0		1.0		1.0		-1		260431		0.00721755202928
1.0		1.0		1.0		-1		260432		0.00718008009595
1.0		1.0		1.0		-1		260433		0.00727409367482
1.0		1.0		1.0		-1		260434		0.00703594782571
1.0		1.0		1.0		-1		260435		0.00740539512162
1.0		1.0		1.0		-1		260436		0.00735555417968
1.0		1.0		1.0		-1		260437		0.00769431928798
1.0		1.0		1.0		-1		260438		0.00738237754304
1.0		1.0		1.0		-1		260439		0.00733425790707
1.0		1.0		1.0		-1		260440		0.0072584414651
1.0		1.0		1.0		-1		260441		0.00726190186239
1.0		1.0		1.0		-1		260442		0.00735222371915
1.0		1.0		1.0		-1		260443		0.0070800937229
1.0		1.0		1.0		-1		260444		0.00730112757412
1.0		1.0		1.0		-1		260445		0.00715618440889
1.0		1.0		1.0		-1		260446		0.00709909810954
1.0		1.0		1.0		-1		260447		0.00760715184182
1.0		1.0		1.0		-1		260448		0.00756819774075
1.0		1.0		1.0		-1		260449		0.00757573055275
1.0		1.0		1.0		-1		260450		0.007396462867
1.0		1.0		1.0		-1		260451		0.00732014535489
1.0		1.0		1.0		-1		260452		0.00731435370316
1.0		1.0		1.0		-1		260453		0.00722910250964
1.0		1.0		1.0		-1		260454		0.0075886808398
1.0		1.0		1.0		-1		260455		0.00729552630197
1.0		1.0		1.0		-1		260456		0.00773658885882
1.0		1.0		1.0		-1		260457		0.0074101624916
1.0		1.0		1.0		-1		260458		0.00741917333778
1.0		1.0		1.0		-1		260459		0.00752511790629
1.0		1.0		1.0		-1		260460		0.00732466304967
1.0		1.0		1.0		-1		260461		0.0074304687316
1.0		1.0		1.0		-1		260462		0.00735129424586
1.0		1.0		1.0		-1		260463		0.00738850277496
1.0		1.0		1.0		-1		260464		0.0077626185003
1.0		1.0		1.0		-1		260465		0.00700166609612
1.0		1.0		1.0		-1		260466		0.00733272330716
1.0		1.0		1.0		-1		260467		0.00755153268413
1.0		1.0		1.0		-1		260468		0.00725639176508
1.0		1.0		1.0		-1		260469		0.007386298927
1.0		1.0		1.0		-1		260470		0.00750544942833
1.0		1.0		1.0		-1		260471		0.00706623263465
1.0		1.0		1.0		-1		260472		0.00736379337455
1.0		1.0		1.0		-1		260473		0.00743060633078
1.0		1.0		1.0		-1		260474		0.00749104236221
1.0		1.0		1.0		-1		260475		0.00749839132478
1.0		1.0		1.0		-1		260476		0.00702034496411
1.0		1.0		1.0		-1		260477		0.00715337764375
1.0		1.0		1.0		-1		260478		0.00753459101779
1.0		1.0		1.0		-1		260479		0.00740534028434
1.0		1.0		1.0		-1		260480		0.00736294647646
1.0		1.0		1.0		-1		260481		0.00707688488186
1.0		1.0		1.0		-1		260482		0.00732930213679
1.0		1.0		1.0		-1		260483		0.0076564693954
1.0		1.0		1.0		-1		260484		0.0074268840605
1.0		1.0		1.0		-1		260485		0.00758830328081
1.0		1.0		1.0		-1		260486		0.00757720234919
1.0		1.0		1.0		-1		260487		0.00739274580262
1.0		1.0		1.0		-1		260488		0.0075201564248
1.0		1.0		1.0		-1		260489		0.00758807309641
1.0		1.0		1.0		-1		260490		0.0073425072904
1.0		1.0		1.0		-1		260491		0.00745809685002
1.0		1.0		1.0		-1		260492		0.00721792433332
1.0		1.0		1.0		-1		260493		0.00763230343443
1.0		1.0		1.0		-1		260494		0.00739725382433
1.0		1.0		1.0		-1		260495		0.00793554884652
1.0		1.0		1.0		-1		260496		0.00721765661433
1.0		1.0		1.0		-1		260497		0.00741892781727
1.0		1.0		1.0		-1		260498		0.0070139807052
1.0		1.0		1.0		-1		260499		0.00761648379382
1.0		1.0		1.0		-1		260500		0.0077924450482
1.0		1.0		1.0		-1		262400		0.00768576129916
1.0		1.0		1.0		-1		263400		0.00719346462852
1.0		1.0		1.0		-1		292000		0.00740775924602
1.0		1.0		1.0		-1		292001		0.00754535742707
1.0		1.0		1.0		-1		292002		0.00760219664948
1.0		1.0		1.0		-1		292003		0.00734252208111
1.0		1.0		1.0		-1		292004		0.00724582814842
1.0		1.0		1.0		-1		292005		0.00750015459848
1.0		1.0		1.0		-1		292006		0.00754367694406
1.0		1.0		1.0		-1		292007		0.00734285233243
1.0		1.0		1.0		-1		292008		0.00759011730586
1.0		1.0		1.0		-1		292009		0.00730670545189
1.0		1.0		1.0		-1		292010		0.00731630590738
1.0		1.0		1.0		-1		292011		0.00726799135732
1.0		1.0		1.0		-1		292012		0.00741458281446
1.0		1.0		1.0		-1		292013		0.00759970698464
1.0		1.0		1.0		-1		292014		0.00745706882693
1.0		1.0		1.0		-1		292015		0.0076371377467
1.0		1.0		1.0		-1		292016		0.00746816125363
1.0		1.0		1.0		-1		292017		0.00800625518177
1.0		1.0		1.0		-1		292018		0.00769454935958
1.0		1.0		1.0		-1		292019		0.00734450524234
1.0		1.0		1.0		-1		292020		0.00746877104235
1.0		1.0		1.0		-1		292021		0.00725715748395
1.0		1.0		1.0		-1		292022		0.00707114350743
1.0		1.0		1.0		-1		292023		0.00729655346597
1.0		1.0		1.0		-1		292024		0.0070400296324
1.0		1.0		1.0		-1		292025		0.00739023567036
1.0		1.0		1.0		-1		292026		0.00729332113569
1.0		1.0		1.0		-1		292027		0.00787576255902
1.0		1.0		1.0		-1		292028		0.00764619470321
1.0		1.0		1.0		-1		292029		0.00768890622634
1.0		1.0		1.0		-1		292030		0.00732403789208
1.0		1.0		1.0		-1		292031		0.00721755202928
1.0		1.0		1.0		-1		292032		0.00718008009595
1.0		1.0		1.0		-1		292033		0.00727409367482
1.0		1.0		1.0		-1		292034		0.00703594782571
1.0		1.0		1.0		-1		292035		0.00740539512162
1.0		1.0		1.0		-1		292036		0.00735555417968
1.0		1.0		1.0		-1		292037		0.00769431928798
1.0		1.0		1.0		-1		292038		0.00738237754304
1.0		1.0		1.0		-1		292039		0.00733425790707
1.0		1.0		1.0		-1		292040		0.0072584414651
1.0		1.0		1.0		-1		292041		0.00726190186239
1.0		1.0		1.0		-1		292042		0.00735222371915
1.0		1.0		1.0		-1		292043		0.0070800937229
1.0		1.0		1.0		-1		292044		0.00730112757412
1.0		1.0		1.0		-1		292045		0.00715618440889
1.0		1.0		1.0		-1		292046		0.00709909810954
1.0		1.0		1.0		-1		292047		0.00760715184182
1.0		1.0		1.0		-1		292048		0.00756819774075
1.0		1.0		1.0		-1		292049		0.00757573055275
1.0		1.0		1.0		-1		292050		0.007396462867
1.0		1.0		1.0		-1		292051		0.00732014535489
1.0		1.0		1.0		-1		292052		0.00731435370316
1.0		1.0		1.0		-1		292053		0.00722910250964
1.0		1.0		1.0		-1		292054		0.0075886808398
1.0		1.0		1.0		-1		292055		0.00729552630197
1.0		1.0		1.0		-1		292056		0.00773658885882
1.0		1.0		1.0		-1		292057		0.0074101624916
1.0		1.0		1.0		-1		292058		0.00741917333778
1.0		1.0		1.0		-1		292059		0.00752511790629
1.0		1.0		1.0		-1		292060		0.00732466304967
1.0		1.0		1.0		-1		292061		0.0074304687316
1.0		1.0		1.0		-1		292062		0.00735129424586
1.0		1.0		1.0		-1		292063		0.00738850277496
1.0		1.0		1.0		-1		292064		0.0077626185003
1.0		1.0		1.0		-1		292065		0.00700166609612
1.0		1.0		1.0		-1		292066		0.00733272330716
1.0		1.0		1.0		-1		292067		0.00755153268413
1.0		1.0		1.0		-1		292068		0.00725639176508
1.0		1.0		1.0		-1		292069		0.007386298927
1.0		1.0		1.0		-1		292070		0.00750544942833
1.0		1.0		1.0		-1		292071		0.00706623263465
1.0		1.0		1.0		-1		292072		0.00736379337455
1.0		1.0		1.0		-1		292073		0.00743060633078
1.0		1.0		1.0		-1		292074		0.00749104236221
1.0		1.0		1.0		-1		292075		0.00749839132478
1.0		1.0		1.0		-1		292076		0.00702034496411
1.0		1.0		1.0		-1		292077		0.00715337764375
1.0		1.0		1.0		-1		292078		0.00753459101779
1.0		1.0		1.0		-1		292079		0.00740534028434
1.0		1.0		1.0		-1		292080		0.00736294647646
1.0		1.0		1.0		-1		292081		0.00707688488186
1.0		1.0		1.0		-1		292082		0.00732930213679
1.0		1.0		1.0		-1		292083		0.0076564693954
1.0		1.0		1.0		-1		292084		0.0074268840605
1.0		1.0		1.0		-1		292085		0.00758830328081
1.0		1.0		1.0		-1		292086		0.00757720234919
1.0		1.0		1.0		-1		292087		0.00739274580262
1.0		1.0		1.0		-1		292088		0.0075201564248
1.0		1.0		1.0		-1		292089		0.00758807309641
1.0		1.0		1.0		-1		292090		0.0073425072904
1.0		1.0		1.0		-1		292091		0.00745809685002
1.0		1.0		1.0		-1		292092		0.00721792433332
1.0		1.0		1.0		-1		292093		0.00763230343443
1.0		1.0		1.0		-1		292094		0.00739725382433
1.0		1.0		1.0		-1		292095		0.00793554884652
1.0		1.0		1.0		-1		292096		0.00721765661433
1.0		1.0		1.0		-1		292097		0.00741892781727
1.0		1.0		1.0		-1		292098		0.0070139807052
1.0		1.0		1.0		-1		292099		0.00761648379382
1.0		1.0		1.0		-1		292100		0.0077924450482
1.0		1.0		1.0		-1		292101		0.00735136076755
1.0		1.0		1.0		-1		292102		0.00747575195224
1.0		1.0		1.0		-1		292400		0.00724831724999

#***************************************************************************
#
# original cross-section: 0.0069448176
#     scale variation: +29.6% -21.4%
#     emission scale variation: + 0% -21.4%
#     central scheme variation: +41.5% - 0%
# PDF variation: +1.57% -1.57%
#
#PDF NNPDF31_nnlo_as_0118_nf_4: 0.0069448 +1.57% -1.57%
#PDF MMHT2014nlo68cl_nf4: 0.00815451 +4.16% -4.34%
#PDF MMHT2014nnlo68cl_nf4: 0.00731891 +3.03% -4.13%
#PDF MSTW2008nlo68cl_nf4: 0.00748073 +3.94% -4.87%
#PDF NNPDF30_nlo_nf_4_pdfas: 0.0074077 +3.07% -3.07%
#PDF NNPDF30_nlo_as_0118_nf_4: 0.0074077 +2.94% -2.94%
#PDF MMHT2014nlo68clas118_nf4: 0.00802774 +4.27% -3.81%
#PDF MSTW2008nnlo68cl_nf4: 0.00715211 +3.74% -3.82%
#PDF MSTW2008lo68cl_nf4: 0.00800429 +3.89% -4.01%
#PDF NNPDF31_nnlo_hessian_pdfas: 0.00677431 +2.39% -2.39%
#PDF PDF4LHC15_nlo_nf4_30: 0.00728476 +3.95% -3.95%
#PDF NNPDF31_nlo_as_0118_nf_4: 0.00714109 +1.61% -1.61%
# dynamical scheme # 1 : 0.00753917 +30.4% -21.9% # \sum ET
# dynamical scheme # 2 : 0.00753812 +30.4% -21.9% # \sum\sqrt{m^2+pt^2}
# dynamical scheme # 3 : 0.00982954 +33.2% -23.3% # 0.5 \sum\sqrt{m^2+pt^2}
# dynamical scheme # 4 : 0.00694482 +29.6% -21.4% # \sqrt{\hat s}
# PDF 292400 : 0.00724831724999
#***************************************************************************
